// Jest Snapshot v1, https://goo.gl/fbAQLP

exports[`DeviceMonitoring Component renders correctly 1`] = `
"<div
  class="margin-bottom "
>
  <div
    class="flexbox space-between center-aligned"
  >
    <div
      class="flexbox center-aligned"
    >
      <h4
        class="margin-bottom-small margin-right"
      >
        Monitoring
      </h4>
    </div>
    <div
      class="flexbox centered"
    >
      <button
        class="MuiButtonBase-root MuiButton-root MuiButton-contained MuiButton-containedPrimary MuiButton-sizeMedium MuiButton-containedSizeMedium Mui-disabled MuiButton-root MuiButton-contained MuiButton-containedPrimary MuiButton-sizeMedium MuiButton-containedSizeMedium css-fsedue-MuiButtonBase-root-MuiButton-root-addOnPill"
        disabled=""
        tabindex="-1"
        type="button"
      >
        Add-on
      </button>
    </div>
  </div>
  <div>
    <div
      class="monitoring-alert column-data"
      style="margin-bottom: 8px;"
    >
      <svg
        aria-hidden="true"
        class="MuiSvgIcon-root MuiSvgIcon-fontSizeMedium red css-1lqc678-MuiSvgIcon-root"
        data-testid="ErrorIcon"
        focusable="false"
        viewBox="0 0 24 24"
      >
        <path
          d="M12 2C6.48 2 2 6.48 2 12s4.48 10 10 10 10-4.48 10-10S17.52 2 12 2zm1 15h-2v-2h2v2zm0-4h-2V7h2v6z"
        />
      </svg>
      <div
        class="key muted"
      >
        <b>
          SSH Daemon is not running
        </b>
      </div>
      <div>
        CRITICAL
      </div>
      <time
        datetime="2021-07-23T12:22:36+00:00"
      >
        2021-07-23 12:22
      </time>
      <a>
        view 
        details
      </a>
    </div>
  </div>
  <div>
    <h4
      class="muted"
    >
      Alert history
    </h4>
    <div
      class="monitoring-alert column-data"
    >
      <svg
        aria-hidden="true"
        class="MuiSvgIcon-root MuiSvgIcon-fontSizeMedium red css-1lqc678-MuiSvgIcon-root"
        data-testid="ErrorIcon"
        focusable="false"
        viewBox="0 0 24 24"
      >
        <path
          d="M12 2C6.48 2 2 6.48 2 12s4.48 10 10 10 10-4.48 10-10S17.52 2 12 2zm1 15h-2v-2h2v2zm0-4h-2V7h2v6z"
        />
      </svg>
      <div
        class="key muted"
      >
        <b>
          SSH Daemon is not running
        </b>
      </div>
      <div>
        CRITICAL
      </div>
      <time
        datetime="2021-07-23T12:22:36+00:00"
      >
        2021-07-23 12:22
      </time>
      <a>
        view 
        details
      </a>
    </div>
  </div>
  <div
    class="flexbox margin-top"
  >
    <div
      class="MuiTablePagination-root flexbox margin-top margin-top-none css-1s8wd9s-MuiTablePagination-root"
    >
      <div
        class="MuiToolbar-root MuiToolbar-gutters MuiToolbar-regular MuiTablePagination-toolbar css-78c6dr-MuiToolbar-root-MuiTablePagination-toolbar"
      >
        <div
          class="MuiTablePagination-spacer flexbox no-basis css-1psng7p-MuiTablePagination-spacer"
        />
        <p
          class="MuiTablePagination-selectLabel css-1ecnf2s-MuiTablePagination-selectLabel"
          
        >
          Rows
        </p>
        <div
          class="MuiInputBase-root MuiInputBase-colorPrimary MuiTablePagination-input css-7kd4nt-MuiInputBase-root-MuiTablePagination-select"
        >
          <div
            aria-expanded="false"
            aria-haspopup="listbox"
            
            class="MuiSelect-select MuiTablePagination-select MuiSelect-standard MuiInputBase-input css-194a1fa-MuiSelect-select-MuiInputBase-input"
            
            role="button"
            tabindex="0"
          >
            20
          </div>
          <input
            aria-hidden="true"
            aria-invalid="false"
            class="MuiSelect-nativeInput css-yf8vq0-MuiSelect-nativeInput"
            tabindex="-1"
            value="20"
          />
          <svg
            aria-hidden="true"
            class="MuiSvgIcon-root MuiSvgIcon-fontSizeMedium MuiSelect-icon MuiTablePagination-selectIcon MuiSelect-iconStandard css-dwvfc1-MuiSvgIcon-root-MuiSelect-icon"
            data-testid="ArrowDropDownIcon"
            focusable="false"
            viewBox="0 0 24 24"
          >
            <path
              d="M7 10l5 5 5-5z"
            />
          </svg>
        </div>
        <p
          class="MuiTablePagination-displayedRows css-cmytl3-MuiTablePagination-displayedRows"
        />
        <div
          class="flexbox center-aligned"
        >
          <div>
            21-40 of 9001
          </div>
          <button
            class="MuiButtonBase-root MuiIconButton-root MuiIconButton-sizeLarge css-13hun5h-MuiButtonBase-root-MuiIconButton-root"
            tabindex="0"
            type="button"
          >
            <svg
              aria-hidden="true"
              class="MuiSvgIcon-root MuiSvgIcon-fontSizeMedium css-1lqc678-MuiSvgIcon-root"
              data-testid="KeyboardArrowLeftIcon"
              focusable="false"
              viewBox="0 0 24 24"
            >
              <path
                d="M15.41 16.59 10.83 12l4.58-4.59L14 6l-6 6 6 6 1.41-1.41z"
              />
            </svg>
            <span
              class="MuiTouchRipple-root css-8je8zh-MuiTouchRipple-root"
            />
          </button>
          <div>
            <button
              class="MuiButtonBase-root MuiIconButton-root MuiIconButton-sizeLarge css-13hun5h-MuiButtonBase-root-MuiIconButton-root"
              tabindex="0"
              type="button"
            >
              <svg
                aria-hidden="true"
                class="MuiSvgIcon-root MuiSvgIcon-fontSizeMedium css-1lqc678-MuiSvgIcon-root"
                data-testid="KeyboardArrowRightIcon"
                focusable="false"
                viewBox="0 0 24 24"
              >
                <path
                  d="M8.59 16.59 13.17 12 8.59 7.41 10 6l6 6-6 6-1.41-1.41z"
                />
              </svg>
              <span
                class="MuiTouchRipple-root css-8je8zh-MuiTouchRipple-root"
              />
            </button>
          </div>
        </div>
      </div>
    </div>
  </div>
</div>"
`;

exports[`tiny components renders DeviceMonitorsMissingNote correctly 1`] = `
.emotion-0 {
  -webkit-user-select: none;
  -moz-user-select: none;
  -ms-user-select: none;
  user-select: none;
  width: 1em;
  height: 1em;
  display: inline-block;
  fill: currentColor;
  -webkit-flex-shrink: 0;
  -ms-flex-negative: 0;
  flex-shrink: 0;
  -webkit-transition: fill 200ms cubic-bezier(0.4, 0, 0.2, 1) 0ms;
  transition: fill 200ms cubic-bezier(0.4, 0, 0.2, 1) 0ms;
  font-size: 1.1607rem;
}

.emotion-0 iconButton {
  margin-right: 8px;
}

.emotion-1 {
  margin: 0;
  line-height: 1.5;
  font-family: Lato,sans-serif;
  font-weight: 400;
  font-size: 0.9286rem;
}

<div>
  <div
    class="flexbox muted"
  >
    <svg
      aria-hidden="true"
      class="MuiSvgIcon-root MuiSvgIcon-fontSizeSmall emotion-0"
      data-testid="InfoOutlinedIcon"
      focusable="false"
      style="margin-right: 8px;"
      viewBox="0 0 24 24"
    >
      <path
        d="M11 7h2v2h-2zm0 4h2v6h-2zm1-9C6.48 2 2 6.48 2 12s4.48 10 10 10 10-4.48 10-10S17.52 2 12 2zm0 18c-4.41 0-8-3.59-8-8s3.59-8 8-8 8 3.59 8 8-3.59 8-8 8z"
      />
    </svg>
    <p
      class="MuiTypography-root MuiTypography-body1 emotion-1"
      style="text-transform: none; text-align: left;"
    >
      No alert monitor is currently configured for this device.
      <br />
      Please 
      <a
        class=""
        href="https://docs.mender.io/development/add-ons/monitor"
        rel=""
        target="_blank"
      >
        see the documentation
      </a>
       for a description on how to configure different kinds of monitors.
    </p>
  </div>
</div>
`;
