// Jest Snapshot v1, https://goo.gl/fbAQLP

exports[`renders correctly 1`] = `
<div>
  <div>
    <b>
      1. Prerequisites
    </b>
    <p>
      As you are running Mender on-premise, for these instructions we assume that you already have Docker installed and the Mender integration environment up and running on your machine.
    </p>
    <p>
      To start a virtual device, change directory into the folder where you cloned Mender integration.
    </p>
  </div>
  <p>
    <b>
      2. Copy & paste and run the following command to start the virtual device:
    </b>
  </p>
  <div
    className="code"
  >
    <button
      className="MuiButtonBase-root MuiButton-root MuiButton-text"
      disabled={false}
      onBlur={[Function]}
      onClick={[Function]}
      onDragLeave={[Function]}
      onFocus={[Function]}
      onKeyDown={[Function]}
      onKeyUp={[Function]}
      onMouseDown={[Function]}
      onMouseLeave={[Function]}
      onMouseUp={[Function]}
      onTouchEnd={[Function]}
      onTouchMove={[Function]}
      onTouchStart={[Function]}
      style={
        Object {
          "float": "right",
          "margin": "-10px 0 0 10px",
        }
      }
      tabIndex={0}
      type="button"
    >
      <span
        className="MuiButton-label"
      >
        <svg
          aria-hidden="true"
          className="MuiSvgIcon-root"
          focusable="false"
          role="presentation"
          viewBox="0 0 24 24"
        >
          <path
            d="M16 1H4c-1.1 0-2 .9-2 2v14h2V3h12V1zm-1 4l6 6v10c0 1.1-.9 2-2 2H7.99C6.89 23 6 22.1 6 21l.01-14c0-1.1.89-2 1.99-2h7zm-1 7h5.5L14 6.5V12z"
          />
        </svg>
        Copy to clipboard
      </span>
    </button>
    <span
      style={
        Object {
          "wordBreak": "break-word",
        }
      }
    >
      ./demo --client up
    </span>
  </div>
  <p />
  <p>
    The device should appear in the Pending devices view in a couple of minutes.
  </p>
  <p>
    Visit the 
    <a
      href="/help/application-updates/demo-virtual-device"
      onClick={[Function]}
    >
      Virtual Devices Help page
    </a>
     for more info on managing the virtual device.
  </p>
</div>
`;
