// Jest Snapshot v1, https://goo.gl/fbAQLP

exports[`Password Component renders correctly 1`] = `
<div
  className="flexbox column"
  id="login-box"
>
  <img
    alt="mender-logo"
    id="signupLogo"
    src="assets/img/headerlogo.png"
  />
  <h1
    className="align-center"
  >
    Reset your password
  </h1>
  <p
    className="margin-bottom align-center"
  >
    If you've forgotten your password, you can request to reset it.
    <br />
    Enter the email address you use to sign in to Mender, and we'll send you a reset link.
  </p>
  <form
    className=""
  >
    <div
      className="MuiFormControl-root  required"
    >
      <label
        className="MuiFormLabel-root MuiInputLabel-root MuiInputLabel-formControl MuiInputLabel-animated"
        data-shrink={false}
        htmlFor="email"
      >
        Your email
      </label>
      <div
        className="MuiInputBase-root MuiInput-root MuiInput-underline MuiInputBase-formControl MuiInput-formControl"
        onClick={[Function]}
        onKeyPress={[Function]}
        required={true}
        style={
          Object {
            "maxWidth": "100%",
            "width": "400px",
          }
        }
      >
        <input
          aria-invalid={false}
          className="MuiInputBase-input MuiInput-input"
          disabled={false}
          id="email"
          name="email"
          onAnimationStart={[Function]}
          onBlur={[Function]}
          onChange={[Function]}
          onFocus={[Function]}
          placeholder="Your email"
          required={true}
          type="text"
          value=""
        />
      </div>
      <p
        className="MuiFormHelperText-root"
        id="component-error-text"
      />
    </div>
    <div
      className="flexbox"
      style={
        Object {
          "height": "min-content",
          "justifyContent": "flex-end",
          "marginTop": "32px",
        }
      }
    >
      <button
        className="MuiButtonBase-root MuiButton-root MuiButton-contained MuiButton-containedPrimary Mui-disabled Mui-disabled"
        disabled={true}
        id="password_button"
        onBlur={[Function]}
        onClick={[Function]}
        onDragLeave={[Function]}
        onFocus={[Function]}
        onKeyDown={[Function]}
        onKeyUp={[Function]}
        onMouseDown={[Function]}
        onMouseLeave={[Function]}
        onMouseUp={[Function]}
        onTouchEnd={[Function]}
        onTouchMove={[Function]}
        onTouchStart={[Function]}
        tabIndex={-1}
        type="button"
      >
        <span
          className="MuiButton-label"
        >
          Send the password reset link
        </span>
      </button>
    </div>
  </form>
  <div
    className="margin-top-large text-muted"
  >
    <div
      className="flexbox centered"
    >
      <a
        href="/login"
        onClick={[Function]}
        style={
          Object {
            "marginLeft": "4px",
          }
        }
      >
        Back to the login page
      </a>
    </div>
  </div>
</div>
`;
