// Jest Snapshot v1, https://goo.gl/fbAQLP

exports[`TwoFactorAuthSetup Component renders correctly 1`] = `
<div
  class="margin-top"
>
  <div
    class="clickable flexbox space-between"
  >
    <p
      class="help-content"
    >
      Enable Two Factor authentication
    </p>
    <span
      class="MuiSwitch-root"
    >
      <span
        aria-disabled="false"
        class="MuiButtonBase-root MuiIconButton-root PrivateSwitchBase-root-1 MuiSwitch-switchBase MuiSwitch-colorSecondary"
      >
        <span
          class="MuiIconButton-label"
        >
          <input
            class="PrivateSwitchBase-input-4 MuiSwitch-input"
            type="checkbox"
            value=""
          />
          <span
            class="MuiSwitch-thumb"
          />
        </span>
        <span
          class="MuiTouchRipple-root"
        />
      </span>
      <span
        class="MuiSwitch-track"
      />
    </span>
  </div>
  <p
    class="info"
    style="width: 75%; margin: 0px;"
  >
    Two Factor Authentication adds a second layer of protection to your account by asking for an additional verification code each time you log in.
  </p>
</div>
`;
