// Jest Snapshot v1, https://goo.gl/fbAQLP

exports[`UserList Component renders correctly 1`] = `
<table
  class="MuiTable-root"
>
  <thead
    class="MuiTableHead-root"
  >
    <tr
      class="MuiTableRow-root MuiTableRow-head"
    >
      <th
        class="MuiTableCell-root MuiTableCell-head"
        scope="col"
      >
        Email
      </th>
      <th
        class="MuiTableCell-root MuiTableCell-head"
        scope="col"
      >
        Date created
      </th>
      <th
        class="MuiTableCell-root MuiTableCell-head"
        scope="col"
      >
        Last updated
      </th>
      <th
        class="MuiTableCell-root MuiTableCell-head"
        scope="col"
      >
        Manage
      </th>
    </tr>
  </thead>
  <tbody
    class="MuiTableBody-root"
  />
</table>
`;
