// Jest Snapshot v1, https://goo.gl/fbAQLP

exports[`renders correctly 1`] = `
<form
  className=""
>
  <div
    className="MuiFormControl-root undefined required"
  >
    <label
      className="MuiFormLabel-root MuiInputLabel-root MuiInputLabel-formControl MuiInputLabel-animated"
      data-shrink={false}
      htmlFor="email"
    >
      Email
    </label>
    <div
      className="MuiInputBase-root MuiInput-root MuiInput-underline MuiInputBase-formControl MuiInput-formControl"
      onClick={[Function]}
      onKeyPress={[Function]}
      required={true}
      style={
        Object {
          "maxWidth": "100%",
          "width": "400px",
        }
      }
    >
      <input
        aria-invalid={false}
        className="MuiInputBase-input MuiInput-input"
        disabled={false}
        id="email"
        name="email"
        onBlur={[Function]}
        onChange={[Function]}
        onFocus={[Function]}
        placeholder="Email"
        required={true}
        type="text"
      />
    </div>
    <p
      className="MuiFormHelperText-root"
      id="component-error-text"
    />
  </div>
  <button
    className="MuiButtonBase-root MuiButton-root MuiButton-text MuiButton-textPrimary"
    disabled={false}
    id="change"
    onBlur={[Function]}
    onClick={[Function]}
    onDragLeave={[Function]}
    onFocus={[Function]}
    onKeyDown={[Function]}
    onKeyUp={[Function]}
    onMouseDown={[Function]}
    onMouseLeave={[Function]}
    onMouseUp={[Function]}
    onTouchEnd={[Function]}
    onTouchMove={[Function]}
    onTouchStart={[Function]}
    tabIndex={0}
    type="button"
  >
    <span
      className="MuiButton-label"
    >
      Change password
    </span>
  </button>
  <div
    className="float-right"
    style={
      Object {
        "margin": "24px 0 -16px 0",
      }
    }
  >
    <button
      className="MuiButtonBase-root MuiButton-root MuiButton-contained Mui-disabled Mui-disabled"
      disabled={true}
      id="submit_button"
      onBlur={[Function]}
      onClick={[Function]}
      onDragLeave={[Function]}
      onFocus={[Function]}
      onKeyDown={[Function]}
      onKeyUp={[Function]}
      onMouseDown={[Function]}
      onMouseLeave={[Function]}
      onMouseUp={[Function]}
      onTouchEnd={[Function]}
      onTouchMove={[Function]}
      onTouchStart={[Function]}
      tabIndex={-1}
      type="button"
    >
      <span
        className="MuiButton-label"
      />
    </button>
  </div>
</form>
`;
