// Jest Snapshot v1, https://goo.gl/fbAQLP

exports[`Roles Component renders correctly 1`] = `
.emotion-0 {
  gap: 16px;
}

.emotion-1 {
  max-width: 100%;
  font-family: Lato,sans-serif;
  font-size: 0.7545rem;
  display: -webkit-inline-box;
  display: -webkit-inline-flex;
  display: -ms-inline-flexbox;
  display: inline-flex;
  -webkit-align-items: center;
  -webkit-box-align: center;
  -ms-flex-align: center;
  align-items: center;
  -webkit-box-pack: center;
  -ms-flex-pack: center;
  -webkit-justify-content: center;
  justify-content: center;
  height: 32px;
  color: rgba(10, 10, 11, 0.78);
  background-color: rgba(0, 0, 0, 0.08);
  border-radius: 16px;
  white-space: nowrap;
  -webkit-transition: background-color 300ms cubic-bezier(0.4, 0, 0.2, 1) 0ms,box-shadow 300ms cubic-bezier(0.4, 0, 0.2, 1) 0ms;
  transition: background-color 300ms cubic-bezier(0.4, 0, 0.2, 1) 0ms,box-shadow 300ms cubic-bezier(0.4, 0, 0.2, 1) 0ms;
  cursor: unset;
  outline: 0;
  -webkit-text-decoration: none;
  text-decoration: none;
  border: 0;
  padding: 0;
  vertical-align: middle;
  box-sizing: border-box;
  background-color: #f7fafb;
  color: rgba(0, 0, 0, 0.38);
  text-transform: uppercase;
  background-color: #f7fafb;
  color: rgba(0, 0, 0, 0.38);
  text-transform: uppercase;
}

.emotion-1.Mui-disabled {
  opacity: 0.38;
  pointer-events: none;
}

.emotion-1 .MuiChip-avatar {
  margin-left: 5px;
  margin-right: -6px;
  width: 24px;
  height: 24px;
  color: #bcbcbc;
  font-size: 0.6964rem;
}

.emotion-1 .MuiChip-avatarColorPrimary {
  color: #fff;
  background-color: rgb(35, 85, 94);
}

.emotion-1 .MuiChip-avatarColorSecondary {
  color: #fff;
  background-color: rgb(65, 10, 46);
}

.emotion-1 .MuiChip-avatarSmall {
  margin-left: 4px;
  margin-right: -4px;
  width: 18px;
  height: 18px;
  font-size: 0.5804rem;
}

.emotion-1 .MuiChip-icon {
  margin-left: 5px;
  margin-right: -6px;
  color: #bcbcbc;
}

.emotion-1 .MuiChip-deleteIcon {
  -webkit-tap-highlight-color: transparent;
  color: rgba(10, 10, 11, 0.26);
  font-size: 22px;
  cursor: pointer;
  margin: 0 5px 0 -6px;
}

.emotion-1 .MuiChip-deleteIcon:hover {
  color: rgba(10, 10, 11, 0.4);
}

.emotion-1:hover {
  font-weight: bold;
}

.emotion-1:hover {
  font-weight: bold;
}

.emotion-2 {
  overflow: hidden;
  text-overflow: ellipsis;
  padding-left: 12px;
  padding-right: 12px;
  white-space: nowrap;
}

.emotion-3 {
  display: -webkit-inline-box;
  display: -webkit-inline-flex;
  display: -ms-inline-flexbox;
  display: inline-flex;
  -webkit-align-items: center;
  -webkit-box-align: center;
  -ms-flex-align: center;
  align-items: center;
  -webkit-box-pack: center;
  -ms-flex-pack: center;
  -webkit-justify-content: center;
  justify-content: center;
  position: relative;
  box-sizing: border-box;
  -webkit-tap-highlight-color: transparent;
  background-color: transparent;
  outline: 0;
  border: 0;
  margin: 0;
  border-radius: 0;
  padding: 0;
  cursor: pointer;
  -webkit-user-select: none;
  -moz-user-select: none;
  -ms-user-select: none;
  user-select: none;
  vertical-align: middle;
  -moz-appearance: none;
  -webkit-appearance: none;
  -webkit-text-decoration: none;
  text-decoration: none;
  color: inherit;
  max-width: 100%;
  font-family: Lato,sans-serif;
  font-size: 0.7545rem;
  display: -webkit-inline-box;
  display: -webkit-inline-flex;
  display: -ms-inline-flexbox;
  display: inline-flex;
  -webkit-align-items: center;
  -webkit-box-align: center;
  -ms-flex-align: center;
  align-items: center;
  -webkit-box-pack: center;
  -ms-flex-pack: center;
  -webkit-justify-content: center;
  justify-content: center;
  height: 32px;
  color: #fff;
  background-color: #337a87;
  border-radius: 16px;
  white-space: nowrap;
  -webkit-transition: background-color 300ms cubic-bezier(0.4, 0, 0.2, 1) 0ms,box-shadow 300ms cubic-bezier(0.4, 0, 0.2, 1) 0ms;
  transition: background-color 300ms cubic-bezier(0.4, 0, 0.2, 1) 0ms,box-shadow 300ms cubic-bezier(0.4, 0, 0.2, 1) 0ms;
  cursor: unset;
  outline: 0;
  -webkit-text-decoration: none;
  text-decoration: none;
  border: 0;
  padding: 0;
  vertical-align: middle;
  box-sizing: border-box;
  -webkit-user-select: none;
  -moz-user-select: none;
  -ms-user-select: none;
  user-select: none;
  -webkit-tap-highlight-color: transparent;
  cursor: pointer;
  background-color: transparent;
  border: 1px solid rgba(51, 122, 135, 0.7);
  color: #337a87;
  border-style: dashed;
}

.emotion-3::-moz-focus-inner {
  border-style: none;
}

.emotion-3.Mui-disabled {
  pointer-events: none;
  cursor: default;
}

@media print {
  .emotion-3 {
    -webkit-print-color-adjust: exact;
    color-adjust: exact;
  }
}

.emotion-3.Mui-disabled {
  opacity: 0.38;
  pointer-events: none;
}

.emotion-3 .MuiChip-avatar {
  margin-left: 5px;
  margin-right: -6px;
  width: 24px;
  height: 24px;
  color: #bcbcbc;
  font-size: 0.6964rem;
}

.emotion-3 .MuiChip-avatarColorPrimary {
  color: #fff;
  background-color: rgb(35, 85, 94);
}

.emotion-3 .MuiChip-avatarColorSecondary {
  color: #fff;
  background-color: rgb(65, 10, 46);
}

.emotion-3 .MuiChip-avatarSmall {
  margin-left: 4px;
  margin-right: -4px;
  width: 18px;
  height: 18px;
  font-size: 0.5804rem;
}

.emotion-3 .MuiChip-icon {
  margin-left: 5px;
  margin-right: -6px;
  color: inherit;
}

.emotion-3 .MuiChip-deleteIcon {
  -webkit-tap-highlight-color: transparent;
  color: rgba(255, 255, 255, 0.7);
  font-size: 22px;
  cursor: pointer;
  margin: 0 5px 0 -6px;
}

.emotion-3 .MuiChip-deleteIcon:hover {
  color: rgba(10, 10, 11, 0.4);
}

.emotion-3 .MuiChip-deleteIcon:hover,
.emotion-3 .MuiChip-deleteIcon:active {
  color: #fff;
}

.emotion-3.Mui-focusVisible {
  background-color: rgb(35, 85, 94);
}

.emotion-3:hover {
  background-color: rgba(0, 0, 0, 0.12);
}

.emotion-3.Mui-focusVisible {
  background-color: rgba(0, 0, 0, 0.2);
}

.emotion-3:active {
  box-shadow: 0px 2px 1px -1px rgba(0,0,0,0.2),0px 1px 1px 0px rgba(0,0,0,0.14),0px 1px 3px 0px rgba(0,0,0,0.12);
}

.emotion-3:hover,
.emotion-3.Mui-focusVisible {
  background-color: rgb(35, 85, 94);
}

.emotion-3.MuiChip-clickable:hover {
  background-color: rgba(51, 122, 135, 0.04);
}

.emotion-3.Mui-focusVisible {
  background-color: rgba(51, 122, 135, 0.12);
}

.emotion-3 .MuiChip-avatar {
  margin-left: 4px;
}

.emotion-3 .MuiChip-avatarSmall {
  margin-left: 2px;
}

.emotion-3 .MuiChip-icon {
  margin-left: 4px;
}

.emotion-3 .MuiChip-iconSmall {
  margin-left: 2px;
}

.emotion-3 .MuiChip-deleteIcon {
  color: rgba(51, 122, 135, 0.7);
}

.emotion-3 .MuiChip-deleteIcon:hover,
.emotion-3 .MuiChip-deleteIcon:active {
  color: #337a87;
}

.emotion-3 .MuiChip-deleteIconSmall {
  margin-right: 3px;
}

.emotion-3 .MuiChip-deleteIcon {
  font-size: smaller;
}

.emotion-3.not-hovering {
  border-color: transparent;
  color: rgba(0, 0, 0, 0.38);
}

.emotion-3.not-hovering .MuiChip-deleteIcon {
  color: rgba(0, 0, 0, 0.38);
}

.emotion-3.not-hovering .MuiChip-label {
  padding-left: 0;
  visibility: collapse;
}

.emotion-5 {
  height: auto;
  overflow: hidden;
  -webkit-transition: width 300ms cubic-bezier(0.4, 0, 0.2, 1) 0ms;
  transition: width 300ms cubic-bezier(0.4, 0, 0.2, 1) 0ms;
  width: 0;
  visibility: hidden;
}

.emotion-6 {
  display: -webkit-box;
  display: -webkit-flex;
  display: -ms-flexbox;
  display: flex;
  width: auto;
  height: 100%;
}

.emotion-7 {
  width: auto;
  height: 100%;
}

.emotion-8 {
  -webkit-user-select: none;
  -moz-user-select: none;
  -ms-user-select: none;
  user-select: none;
  width: 1em;
  height: 1em;
  display: inline-block;
  fill: currentColor;
  -webkit-flex-shrink: 0;
  -ms-flex-negative: 0;
  flex-shrink: 0;
  -webkit-transition: fill 200ms cubic-bezier(0.4, 0, 0.2, 1) 0ms;
  transition: fill 200ms cubic-bezier(0.4, 0, 0.2, 1) 0ms;
  font-size: 1.1607rem;
}

.emotion-8 iconButton {
  margin-right: 8px;
}

.emotion-9 {
  position: absolute;
  top: -6px;
  bottom: -4px;
  left: -7px;
  right: -6.5px;
  border: 1px dashed rgba(0, 0, 0, 0.38);
  border-radius: 50%;
}

.emotion-9.hovering {
  border-color: transparent;
}

.emotion-10 {
  display: table;
  width: 100%;
  border-collapse: collapse;
  border-spacing: 0;
}

.emotion-10 caption {
  font-family: Lato,sans-serif;
  font-weight: 400;
  font-size: 0.8125rem;
  line-height: 1.43;
  padding: 16px;
  color: rgba(0, 0, 0, 0.54);
  text-align: left;
  caption-side: bottom;
}

.emotion-11 {
  display: table-header-group;
}

.emotion-11 .columnHeader {
  display: table-cell;
}

.emotion-11 .columnHeader .sortIcon {
  margin-bottom: -6px;
}

.emotion-11 .nonSortable {
  cursor: initial;
}

.emotion-12 {
  color: inherit;
  display: table-row;
  vertical-align: middle;
  outline: 0;
}

.emotion-12.MuiTableRow-hover:hover {
  background-color: rgba(0, 0, 0, 0.04);
}

.emotion-12.Mui-selected {
  background-color: rgba(51, 122, 135, 0.08);
}

.emotion-12.Mui-selected:hover {
  background-color: rgba(51, 122, 135, 0.12);
}

.emotion-13 {
  font-family: Lato,sans-serif;
  font-weight: 500;
  font-size: 0.8125rem;
  line-height: 1.3929rem;
  display: table-cell;
  vertical-align: inherit;
  border-bottom: 1px solid rgba(224, 224, 224, 1);
  text-align: left;
  padding: 16px;
  color: rgba(10, 10, 11, 0.78);
  padding: 0px 24px 0px 24px;
  height: 48px;
  height: 56px;
  line-height: 1.15rem;
}

.emotion-16 {
  display: table-row-group;
}

.emotion-18 {
  font-family: Lato,sans-serif;
  font-weight: 400;
  font-size: 0.8125rem;
  line-height: 1.43;
  display: table-cell;
  vertical-align: inherit;
  border-bottom: 1px solid rgba(224, 224, 224, 1);
  text-align: left;
  padding: 16px;
  color: rgba(10, 10, 11, 0.78);
  padding: 0px 24px 0px 24px;
  height: 48px;
}

.emotion-21 {
  -webkit-user-select: none;
  -moz-user-select: none;
  -ms-user-select: none;
  user-select: none;
  width: 1em;
  height: 1em;
  display: inline-block;
  fill: currentColor;
  -webkit-flex-shrink: 0;
  -ms-flex-negative: 0;
  flex-shrink: 0;
  -webkit-transition: fill 200ms cubic-bezier(0.4, 0, 0.2, 1) 0ms;
  transition: fill 200ms cubic-bezier(0.4, 0, 0.2, 1) 0ms;
  font-size: 1.3929rem;
}

.emotion-21 iconButton {
  margin-right: 8px;
}

.emotion-47 {
  display: -webkit-inline-box;
  display: -webkit-inline-flex;
  display: -ms-inline-flexbox;
  display: inline-flex;
  -webkit-align-items: center;
  -webkit-box-align: center;
  -ms-flex-align: center;
  align-items: center;
  -webkit-box-pack: center;
  -ms-flex-pack: center;
  -webkit-justify-content: center;
  justify-content: center;
  position: relative;
  box-sizing: border-box;
  -webkit-tap-highlight-color: transparent;
  background-color: transparent;
  outline: 0;
  border: 0;
  margin: 0;
  border-radius: 0;
  padding: 0;
  cursor: pointer;
  -webkit-user-select: none;
  -moz-user-select: none;
  -ms-user-select: none;
  user-select: none;
  vertical-align: middle;
  -moz-appearance: none;
  -webkit-appearance: none;
  -webkit-text-decoration: none;
  text-decoration: none;
  color: inherit;
  max-width: 100%;
  font-family: Lato,sans-serif;
  font-size: 0.7545rem;
  display: -webkit-inline-box;
  display: -webkit-inline-flex;
  display: -ms-inline-flexbox;
  display: inline-flex;
  -webkit-align-items: center;
  -webkit-box-align: center;
  -ms-flex-align: center;
  align-items: center;
  -webkit-box-pack: center;
  -ms-flex-pack: center;
  -webkit-justify-content: center;
  justify-content: center;
  height: 32px;
  color: #fff;
  background-color: #337a87;
  border-radius: 16px;
  white-space: nowrap;
  -webkit-transition: background-color 300ms cubic-bezier(0.4, 0, 0.2, 1) 0ms,box-shadow 300ms cubic-bezier(0.4, 0, 0.2, 1) 0ms;
  transition: background-color 300ms cubic-bezier(0.4, 0, 0.2, 1) 0ms,box-shadow 300ms cubic-bezier(0.4, 0, 0.2, 1) 0ms;
  cursor: unset;
  outline: 0;
  -webkit-text-decoration: none;
  text-decoration: none;
  border: 0;
  padding: 0;
  vertical-align: middle;
  box-sizing: border-box;
  -webkit-user-select: none;
  -moz-user-select: none;
  -ms-user-select: none;
  user-select: none;
  -webkit-tap-highlight-color: transparent;
  cursor: pointer;
}

.emotion-47::-moz-focus-inner {
  border-style: none;
}

.emotion-47.Mui-disabled {
  pointer-events: none;
  cursor: default;
}

@media print {
  .emotion-47 {
    -webkit-print-color-adjust: exact;
    color-adjust: exact;
  }
}

.emotion-47.Mui-disabled {
  opacity: 0.38;
  pointer-events: none;
}

.emotion-47 .MuiChip-avatar {
  margin-left: 5px;
  margin-right: -6px;
  width: 24px;
  height: 24px;
  color: #bcbcbc;
  font-size: 0.6964rem;
}

.emotion-47 .MuiChip-avatarColorPrimary {
  color: #fff;
  background-color: rgb(35, 85, 94);
}

.emotion-47 .MuiChip-avatarColorSecondary {
  color: #fff;
  background-color: rgb(65, 10, 46);
}

.emotion-47 .MuiChip-avatarSmall {
  margin-left: 4px;
  margin-right: -4px;
  width: 18px;
  height: 18px;
  font-size: 0.5804rem;
}

.emotion-47 .MuiChip-icon {
  margin-left: 5px;
  margin-right: -6px;
  color: inherit;
}

.emotion-47 .MuiChip-deleteIcon {
  -webkit-tap-highlight-color: transparent;
  color: rgba(255, 255, 255, 0.7);
  font-size: 22px;
  cursor: pointer;
  margin: 0 5px 0 -6px;
}

.emotion-47 .MuiChip-deleteIcon:hover {
  color: rgba(10, 10, 11, 0.4);
}

.emotion-47 .MuiChip-deleteIcon:hover,
.emotion-47 .MuiChip-deleteIcon:active {
  color: #fff;
}

.emotion-47:hover {
  background-color: rgba(0, 0, 0, 0.12);
}

.emotion-47.Mui-focusVisible {
  background-color: rgba(0, 0, 0, 0.2);
}

.emotion-47:active {
  box-shadow: 0px 2px 1px -1px rgba(0,0,0,0.2),0px 1px 1px 0px rgba(0,0,0,0.14),0px 1px 3px 0px rgba(0,0,0,0.12);
}

.emotion-47:hover,
.emotion-47.Mui-focusVisible {
  background-color: rgb(35, 85, 94);
}

<div>
  <div
    class="flexbox center-aligned"
  >
    <h2
      style="margin-left: 20px;"
    >
      Roles
    </h2>
    <div
      class="flexbox center-aligned margin-left-small emotion-0"
    >
      <div
        class=""
        data-mui-internal-clone-element="true"
      >
        <div
          class="MuiChip-root MuiChip-filled MuiChip-sizeMedium MuiChip-colorDefault MuiChip-filledDefault emotion-1"
        >
          <span
            class="MuiChip-label MuiChip-labelMedium emotion-2"
          >
            Enterprise
          </span>
        </div>
      </div>
      <div
        class=""
        data-mui-internal-clone-element="true"
      >
        <div
          class="MuiButtonBase-root MuiChip-root MuiChip-outlined MuiChip-sizeMedium MuiChip-colorPrimary MuiChip-clickable MuiChip-clickableColorPrimary MuiChip-deletable MuiChip-deletableColorPrimary MuiChip-outlinedPrimary not-hovering emotion-3"
          role="button"
          tabindex="0"
        >
          <span
            class="MuiChip-label MuiChip-labelMedium emotion-2"
          >
            <div
              class="MuiCollapse-root MuiCollapse-horizontal MuiCollapse-hidden emotion-5"
              style="min-width: 0px;"
            >
              <div
                class="MuiCollapse-wrapper MuiCollapse-horizontal emotion-6"
              >
                <div
                  class="MuiCollapse-wrapperInner MuiCollapse-horizontal emotion-7"
                >
                  Learn more
                </div>
              </div>
            </div>
          </span>
          <div
            class="relative MuiChip-deleteIcon MuiChip-deleteIconMedium MuiChip-deleteIconColorPrimary MuiChip-deleteIconOutlinedColorPrimary"
          >
            <svg
              aria-hidden="true"
              class="MuiSvgIcon-root MuiSvgIcon-fontSizeSmall emotion-8"
              data-testid="DescriptionIcon"
              focusable="false"
              viewBox="0 0 24 24"
            >
              <path
                d="M14 2H6c-1.1 0-1.99.9-1.99 2L4 20c0 1.1.89 2 1.99 2H18c1.1 0 2-.9 2-2V8l-6-6zm2 16H8v-2h8v2zm0-4H8v-2h8v2zm-3-5V3.5L18.5 9H13z"
              />
            </svg>
            <div
              class="emotion-9 not-hovering"
            />
          </div>
        </div>
      </div>
    </div>
  </div>
  <table
    class="MuiTable-root margin-bottom  emotion-10"
  >
    <thead
      class="MuiTableHead-root emotion-11"
    >
      <tr
        class="MuiTableRow-root MuiTableRow-head emotion-12"
      >
        <th
          class="MuiTableCell-root MuiTableCell-head MuiTableCell-sizeMedium columnHeader nonSortable emotion-13"
          scope="col"
        >
          Role
        </th>
        <th
          class="MuiTableCell-root MuiTableCell-head MuiTableCell-sizeMedium columnHeader nonSortable emotion-13"
          scope="col"
        >
          Description
        </th>
        <th
          class="MuiTableCell-root MuiTableCell-head MuiTableCell-sizeMedium columnHeader nonSortable emotion-13"
          scope="col"
        >
          Manage
        </th>
      </tr>
    </thead>
    <tbody
      class="MuiTableBody-root emotion-16"
    >
      <tr
        class="MuiTableRow-root MuiTableRow-hover clickable emotion-12"
      >
        <td
          class="MuiTableCell-root MuiTableCell-body MuiTableCell-sizeMedium relative emotion-18"
        >
          Admin
        </td>
        <td
          class="MuiTableCell-root MuiTableCell-body MuiTableCell-sizeMedium relative emotion-18"
        >
          Full access
        </td>
        <td
          class="MuiTableCell-root MuiTableCell-body MuiTableCell-sizeMedium relative emotion-18"
        >
          <div
            class="bold flexbox center-aligned link-color margin-right-small uppercased"
            style="white-space: nowrap;"
          >
            view details 
            <svg
              aria-hidden="true"
              class="MuiSvgIcon-root MuiSvgIcon-fontSizeMedium emotion-21"
              data-testid="ArrowRightAltIcon"
              focusable="false"
              viewBox="0 0 24 24"
            >
              <path
                d="M16.01 11H4v2h12.01v3L20 12l-3.99-4z"
              />
            </svg>
          </div>
        </td>
      </tr>
      <tr
        class="MuiTableRow-root MuiTableRow-hover clickable emotion-12"
      >
        <td
          class="MuiTableCell-root MuiTableCell-body MuiTableCell-sizeMedium relative emotion-18"
        >
          Read Access
        </td>
        <td
          class="MuiTableCell-root MuiTableCell-body MuiTableCell-sizeMedium relative emotion-18"
        >
          -
        </td>
        <td
          class="MuiTableCell-root MuiTableCell-body MuiTableCell-sizeMedium relative emotion-18"
        >
          <div
            class="bold flexbox center-aligned link-color margin-right-small uppercased"
            style="white-space: nowrap;"
          >
            view details 
            <svg
              aria-hidden="true"
              class="MuiSvgIcon-root MuiSvgIcon-fontSizeMedium emotion-21"
              data-testid="ArrowRightAltIcon"
              focusable="false"
              viewBox="0 0 24 24"
            >
              <path
                d="M16.01 11H4v2h12.01v3L20 12l-3.99-4z"
              />
            </svg>
          </div>
        </td>
      </tr>
      <tr
        class="MuiTableRow-root MuiTableRow-hover clickable emotion-12"
      >
        <td
          class="MuiTableCell-root MuiTableCell-body MuiTableCell-sizeMedium relative emotion-18"
        >
          Releases Manager
        </td>
        <td
          class="MuiTableCell-root MuiTableCell-body MuiTableCell-sizeMedium relative emotion-18"
        >
          -
        </td>
        <td
          class="MuiTableCell-root MuiTableCell-body MuiTableCell-sizeMedium relative emotion-18"
        >
          <div
            class="bold flexbox center-aligned link-color margin-right-small uppercased"
            style="white-space: nowrap;"
          >
            view details 
            <svg
              aria-hidden="true"
              class="MuiSvgIcon-root MuiSvgIcon-fontSizeMedium emotion-21"
              data-testid="ArrowRightAltIcon"
              focusable="false"
              viewBox="0 0 24 24"
            >
              <path
                d="M16.01 11H4v2h12.01v3L20 12l-3.99-4z"
              />
            </svg>
          </div>
        </td>
      </tr>
      <tr
        class="MuiTableRow-root MuiTableRow-hover clickable emotion-12"
      >
        <td
          class="MuiTableCell-root MuiTableCell-body MuiTableCell-sizeMedium relative emotion-18"
        >
          Deployments Manager
        </td>
        <td
          class="MuiTableCell-root MuiTableCell-body MuiTableCell-sizeMedium relative emotion-18"
        >
          -
        </td>
        <td
          class="MuiTableCell-root MuiTableCell-body MuiTableCell-sizeMedium relative emotion-18"
        >
          <div
            class="bold flexbox center-aligned link-color margin-right-small uppercased"
            style="white-space: nowrap;"
          >
            view details 
            <svg
              aria-hidden="true"
              class="MuiSvgIcon-root MuiSvgIcon-fontSizeMedium emotion-21"
              data-testid="ArrowRightAltIcon"
              focusable="false"
              viewBox="0 0 24 24"
            >
              <path
                d="M16.01 11H4v2h12.01v3L20 12l-3.99-4z"
              />
            </svg>
          </div>
        </td>
      </tr>
      <tr
        class="MuiTableRow-root MuiTableRow-hover clickable emotion-12"
      >
        <td
          class="MuiTableCell-root MuiTableCell-body MuiTableCell-sizeMedium relative emotion-18"
        >
          Troubleshooting
        </td>
        <td
          class="MuiTableCell-root MuiTableCell-body MuiTableCell-sizeMedium relative emotion-18"
        >
          Access to the troubleshooting features: Remote Terminal, File Transfer, Port Forwarding
        </td>
        <td
          class="MuiTableCell-root MuiTableCell-body MuiTableCell-sizeMedium relative emotion-18"
        >
          <div
            class="bold flexbox center-aligned link-color margin-right-small uppercased"
            style="white-space: nowrap;"
          >
            view details 
            <svg
              aria-hidden="true"
              class="MuiSvgIcon-root MuiSvgIcon-fontSizeMedium emotion-21"
              data-testid="ArrowRightAltIcon"
              focusable="false"
              viewBox="0 0 24 24"
            >
              <path
                d="M16.01 11H4v2h12.01v3L20 12l-3.99-4z"
              />
            </svg>
          </div>
        </td>
      </tr>
      <tr
        class="MuiTableRow-root MuiTableRow-hover clickable emotion-12"
      >
        <td
          class="MuiTableCell-root MuiTableCell-body MuiTableCell-sizeMedium relative emotion-18"
        >
          test
        </td>
        <td
          class="MuiTableCell-root MuiTableCell-body MuiTableCell-sizeMedium relative emotion-18"
        >
          test description
        </td>
        <td
          class="MuiTableCell-root MuiTableCell-body MuiTableCell-sizeMedium relative emotion-18"
        >
          <div
            class="bold flexbox center-aligned link-color margin-right-small uppercased"
            style="white-space: nowrap;"
          >
            view details 
            <svg
              aria-hidden="true"
              class="MuiSvgIcon-root MuiSvgIcon-fontSizeMedium emotion-21"
              data-testid="ArrowRightAltIcon"
              focusable="false"
              viewBox="0 0 24 24"
            >
              <path
                d="M16.01 11H4v2h12.01v3L20 12l-3.99-4z"
              />
            </svg>
          </div>
        </td>
      </tr>
    </tbody>
  </table>
  <div
    aria-disabled="true"
    class="MuiButtonBase-root Mui-disabled MuiChip-root MuiChip-filled Mui-disabled MuiChip-sizeMedium MuiChip-colorPrimary MuiChip-clickable MuiChip-clickableColorPrimary MuiChip-filledPrimary emotion-47"
    role="button"
    tabindex="-1"
  >
    <svg
      aria-hidden="true"
      class="MuiSvgIcon-root MuiSvgIcon-fontSizeMedium MuiChip-icon MuiChip-iconMedium MuiChip-iconColorPrimary emotion-21"
      data-testid="AddIcon"
      focusable="false"
      viewBox="0 0 24 24"
    >
      <path
        d="M19 13h-6v6h-2v-6H5v-2h6V5h2v6h6v2z"
      />
    </svg>
    <span
      class="MuiChip-label MuiChip-labelMedium emotion-2"
    >
      Add a role
    </span>
  </div>
</div>
`;
