// Jest Snapshot v1, https://goo.gl/fbAQLP

exports[`InfoHint Component renders correctly 1`] = `
.emotion-0 {
  color: rgba(0, 0, 0, 0.38);
  margin: 15px 0;
}

.emotion-1 {
  gap: 8px;
}

.emotion-2 {
  -webkit-user-select: none;
  -moz-user-select: none;
  -ms-user-select: none;
  user-select: none;
  width: 1em;
  height: 1em;
  display: inline-block;
  fill: currentColor;
  -webkit-flex-shrink: 0;
  -ms-flex-negative: 0;
  flex-shrink: 0;
  -webkit-transition: fill 200ms cubic-bezier(0.4, 0, 0.2, 1) 0ms;
  transition: fill 200ms cubic-bezier(0.4, 0, 0.2, 1) 0ms;
  font-size: 1.1607rem;
}

.emotion-2 iconButton {
  margin-right: 8px;
}

<p
  class="emotion-0 icon flexbox center-aligned emotion-1 test-class"
>
  <svg
    aria-hidden="true"
    class="MuiSvgIcon-root MuiSvgIcon-fontSizeSmall emotion-2"
    data-testid="InfoOutlinedIcon"
    focusable="false"
    viewBox="0 0 24 24"
  >
    <path
      d="M11 7h2v2h-2zm0 4h2v6h-2zm1-9C6.48 2 2 6.48 2 12s4.48 10 10 10 10-4.48 10-10S17.52 2 12 2m0 18c-4.41 0-8-3.59-8-8s3.59-8 8-8 8 3.59 8 8-3.59 8-8 8"
    />
  </svg>
  test
</p>
`;
