// Jest Snapshot v1, https://goo.gl/fbAQLP

exports[`ArtifactPayload Component renders correctly 1`] = `
<div>
  <p
    class="margin-bottom-none"
  >
    test
  </p>
  <ul
    class="MuiList-root list-horizontal-flex MuiList-padding"
    style="padding-top: 0px;"
  >
    <div>
      <li
        class="MuiListItem-root attributes MuiListItem-gutters MuiListItem-divider Mui-disabled"
        disabled=""
      >
        <div
          class="MuiListItemText-root MuiListItemText-multiline"
        >
          <span
            class="MuiTypography-root MuiListItemText-primary MuiTypography-body1 MuiTypography-displayBlock"
          >
            primary text
          </span>
          <div
            class="MuiTypography-root MuiListItemText-secondary MuiTypography-body2 MuiTypography-colorTextSecondary MuiTypography-displayBlock"
            title="secondary text"
          >
            <div>
              <span
                class="inventory-text"
              >
                secondary text
              </span>
               
            </div>
          </div>
        </div>
      </li>
    </div>
  </ul>
</div>
`;
