// Jest Snapshot v1, https://goo.gl/fbAQLP

exports[`Artifacts Component renders correctly 1`] = `
<div
  style={
    Object {
      "height": "100%",
    }
  }
>
  <div
    className="repository"
  >
    <div
      className="repository-list"
    >
      <div
        className="margin-bottom-small"
      >
        <h4>
          Releases
        </h4>
        <div
          className="search"
        >
          <input
            onChange={[Function]}
            placeholder="Filter by name"
            type="search"
            value=""
          />
        </div>
        <p
          className="margin-top muted align-center margin-right"
        >
          There are no Releases yet
        </p>
      </div>
      <div
        className="loaderContainer"
      >
        <div
          className="loader"
        >
          <span
            className="dot dot_1"
          />
          <span
            className="dot dot_2"
          />
          <span
            className="dot dot_3"
          />
          <span
            className="dot dot_4"
          />
        </div>
      </div>
    </div>
    <div
      className="flexbox centered"
      style={
        Object {
          "height": "50%",
          "width": "100%",
        }
      }
    >
      <div
        className="loaderContainer"
      >
        <div
          className="loader"
        >
          <span
            className="dot dot_1"
          />
          <span
            className="dot dot_2"
          />
          <span
            className="dot dot_3"
          />
          <span
            className="dot dot_4"
          />
        </div>
      </div>
    </div>
  </div>
</div>
`;
