// Jest Snapshot v1, https://goo.gl/fbAQLP

exports[`renders correctly 1`] = `
<div
  className="file-details"
>
  <h4
    style={
      Object {
        "background": "rgb(233, 233, 233)",
        "padding": "10px",
        "position": "absolute",
        "top": "-35px",
      }
    }
  >
    Payload 
  </h4>
  <ul
    className="MuiList-root MuiList-padding"
    style={
      Object {
        "display": "flex",
        "flexDirection": "row",
      }
    }
  >
    <li
      className="MuiListItem-root attributes MuiListItem-gutters Mui-disabled opaque"
      disabled={true}
      style={
        Object {
          "borderBottom": "1px solid #e0e0e0",
          "marginRight": "2vw",
          "paddingBottom": "11px",
        }
      }
    >
      <div
        className="MuiListItemText-root MuiListItemText-multiline"
      >
        <span
          className="MuiTypography-root MuiListItemText-primary MuiTypography-body1"
        >
          Type
        </span>
        <p
          className="MuiTypography-root MuiListItemText-secondary MuiTypography-body2 MuiTypography-colorTextSecondary"
        >
          test
        </p>
      </div>
    </li>
    <li
      className="MuiListItem-root attributes MuiListItem-gutters Mui-disabled opaque"
      disabled={true}
      style={
        Object {
          "borderBottom": "1px solid #e0e0e0",
          "marginRight": "2vw",
          "paddingBottom": "11px",
        }
      }
    >
      <div
        className="MuiListItemText-root MuiListItemText-multiline"
      >
        <span
          className="MuiTypography-root MuiListItemText-primary MuiTypography-body1"
        >
          Total Size (uncompressed)
        </span>
        <p
          className="MuiTypography-root MuiListItemText-secondary MuiTypography-body2 MuiTypography-colorTextSecondary"
        >
          0 Bytes
        </p>
      </div>
    </li>
  </ul>
  <div
    className="file-meta"
  >
    <h4>
      Files
    </h4>
    <p>
      There are no files in this Artifact
    </p>
  </div>
</div>
`;
