// Jest Snapshot v1, https://goo.gl/fbAQLP

exports[`renders correctly 1`] = `
<div
  className="relative release-repo margin-left"
  style={
    Object {
      "width": "100%",
    }
  }
>
  <div
    className="flexbox"
  >
    <svg
      aria-hidden="true"
      className="MuiSvgIcon-root muted"
      focusable="false"
      role="presentation"
      viewBox="0 0 24 24"
    >
      <path
        d="M8.59 16.59L13.17 12 8.59 7.41 10 6l6 6-6 6-1.41-1.41z"
      />
    </svg>
    <div
      className="muted"
    >
      <p
        className="MuiTypography-root MuiTypography-body2"
        style={
          Object {
            "marginBottom": "30px",
          }
        }
      >
        No release selected
      </p>
      <p
        className="MuiTypography-root MuiTypography-body1"
      >
        Artifacts in this Release:
      </p>
    </div>
  </div>
  <div
    className="dashboard-placeholder top-right-button fadeIn onboard dropzone"
    onBlur={[Function]}
    onClick={[Function]}
    onDragEnter={[Function]}
    onDragLeave={[Function]}
    onDragOver={[Function]}
    onDrop={[Function]}
    onFocus={[Function]}
    onKeyDown={[Function]}
    style={
      Object {
        "top": 0,
      }
    }
    tabIndex={0}
  >
    <input
      accept=".mender"
      autoComplete="off"
      disabled={false}
      multiple={false}
      onChange={[Function]}
      onClick={[Function]}
      style={
        Object {
          "display": "none",
        }
      }
      tabIndex={-1}
      type="file"
    />
    <span
      className="icon"
    >
      <svg
        aria-hidden="true"
        className="MuiSvgIcon-root"
        focusable="false"
        role="presentation"
        style={
          Object {
            "height": "24px",
            "marginRight": "10px",
            "marginTop": "-2px",
            "verticalAlign": "middle",
            "width": "24px",
          }
        }
        viewBox="0 0 24 24"
      >
        <path
          d="M19.35 10.04C18.67 6.59 15.64 4 12 4 9.11 4 6.6 5.64 5.35 8.04 2.34 8.36 0 10.91 0 14c0 3.31 2.69 6 6 6h13c2.76 0 5-2.24 5-5 0-2.64-2.05-4.78-4.65-4.96zM14 13v4h-4v-4H7l5-5 5 5h-3z"
        />
      </svg>
    </span>
    <span>
      Drag here or 
      <a>
        browse
      </a>
       to upload an Artifact file
    </span>
  </div>
  <div
    className="loaderContainer shrunk"
  >
    <div
      className="loader"
    >
      <span
        className="dot dot_1"
      />
      <span
        className="dot dot_2"
      />
      <span
        className="dot dot_3"
      />
      <span
        className="dot dot_4"
      />
    </div>
  </div>
  <div
    style={
      Object {
        "marginTop": "10px",
        "position": "relative",
      }
    }
  >
    <div
      className="dashboard-placeholder fadeIn"
      style={
        Object {
          "fontSize": "16px",
          "margin": "8vh auto",
        }
      }
    >
      <div
        className="dropzone"
        onBlur={[Function]}
        onClick={[Function]}
        onDragEnter={[Function]}
        onDragLeave={[Function]}
        onDragOver={[Function]}
        onDrop={[Function]}
        onFocus={[Function]}
        onKeyDown={[Function]}
        tabIndex={0}
      >
        <input
          accept=".mender"
          autoComplete="off"
          disabled={false}
          multiple={false}
          onChange={[Function]}
          onClick={[Function]}
          style={
            Object {
              "display": "none",
            }
          }
          tabIndex={-1}
          type="file"
        />
        <p>
          There are no Releases yet. 
          <a>
            Upload an Artifact
          </a>
           to create a new Release
        </p>
      </div>
    </div>
  </div>
</div>
`;
