// Jest Snapshot v1, https://goo.gl/fbAQLP

exports[`renders correctly 1`] = `
<div
  className="repository-list"
>
  <div
    className="margin-bottom-small"
  >
    <h4>
      Releases
    </h4>
    <div
      className="search"
    >
      <input
        onChange={[Function]}
        placeholder="Filter by name"
        type="search"
        value=""
      />
    </div>
    <p
      className="margin-top muted align-center margin-right"
    >
      There are no Releases yet
    </p>
  </div>
  <ul
    className="MuiList-root MuiList-padding"
  />
</div>
`;
