// Jest Snapshot v1, https://goo.gl/fbAQLP

exports[`GroupDeviceList Component renders correctly 1`] = `
<div
  className="dialogTableContainer"
>
  <div
    className="loaderContainer shrunk"
  >
    <div
      className="loader"
    >
      <span
        className="dot dot_1"
      />
      <span
        className="dot dot_2"
      />
      <span
        className="dot dot_3"
      />
      <span
        className="dot dot_4"
      />
    </div>
  </div>
  <p
    className="italic muted"
  >
    No devices match the search term
  </p>
</div>
`;
