// Jest Snapshot v1, https://goo.gl/fbAQLP

exports[`Help Component renders correctly 1`] = `
<div
  className="help-container"
>
  <ul
    className="MuiList-root leftFixed MuiList-padding"
  >
    <li
      className="MuiListSubheader-root MuiListSubheader-gutters"
    >
      Help topics
    </li>
    <a
      aria-current={null}
      className="MuiListItem-root navLink helpNav MuiListItem-gutters"
      disabled={false}
      href="/help/get-started"
      onClick={[Function]}
      style={
        Object {
          "paddingLeft": 16,
        }
      }
    >
      <div
        className="MuiListItemText-root"
      >
        <span
          className="MuiTypography-root MuiListItemText-primary MuiTypography-body1 MuiTypography-displayBlock"
        >
          Get started
        </span>
      </div>
    </a>
    <a
      aria-current={null}
      className="MuiListItem-root navLink helpNav MuiListItem-gutters"
      disabled={false}
      href="/help/devices"
      onClick={[Function]}
      style={
        Object {
          "paddingLeft": 16,
        }
      }
    >
      <div
        className="MuiListItemText-root"
      >
        <span
          className="MuiTypography-root MuiListItemText-primary MuiTypography-body1 MuiTypography-displayBlock"
        >
          Devices and device groups
        </span>
      </div>
    </a>
    <a
      aria-current={null}
      className="MuiListItem-root navLink helpNav MuiListItem-gutters"
      disabled={false}
      href="/help/device-and-os-support"
      onClick={[Function]}
      style={
        Object {
          "paddingLeft": 16,
        }
      }
    >
      <div
        className="MuiListItemText-root"
      >
        <span
          className="MuiTypography-root MuiListItemText-primary MuiTypography-body1 MuiTypography-displayBlock"
        >
          Device and Operating System support
        </span>
      </div>
    </a>
    <a
      aria-current={null}
      className="MuiListItem-root navLink helpNav MuiListItem-gutters"
      disabled={false}
      href="/help/releases-artifacts"
      onClick={[Function]}
      style={
        Object {
          "paddingLeft": 16,
        }
      }
    >
      <div
        className="MuiListItemText-root"
      >
        <span
          className="MuiTypography-root MuiListItemText-primary MuiTypography-body1 MuiTypography-displayBlock"
        >
          Releases and artifacts
        </span>
      </div>
    </a>
    <a
      aria-current={null}
      className="MuiListItem-root navLink helpNav MuiListItem-gutters"
      disabled={false}
      href="/help/releases-artifacts/build-demo-artifact"
      onClick={[Function]}
      style={
        Object {
          "paddingLeft": 32,
        }
      }
    >
      <div
        className="MuiListItemText-root"
      >
        <span
          className="MuiTypography-root MuiListItemText-primary MuiTypography-body1 MuiTypography-displayBlock"
        >
          Building a demo application update Artifact
        </span>
      </div>
    </a>
    <a
      aria-current={null}
      className="MuiListItem-root navLink helpNav MuiListItem-gutters"
      disabled={false}
      href="/help/more-help-resources"
      onClick={[Function]}
      style={
        Object {
          "paddingLeft": 16,
        }
      }
    >
      <div
        className="MuiListItemText-root"
      >
        <span
          className="MuiTypography-root MuiListItemText-primary MuiTypography-body1 MuiTypography-displayBlock"
        >
          More resources
        </span>
      </div>
    </a>
  </ul>
  <div>
    <p
      style={
        Object {
          "color": "rgba(0, 0, 0, 0.54)",
          "maxWidth": 780,
        }
      }
    >
      Help 
        &gt;  Get started
    </p>
    <div
      className="help-content"
      style={
        Object {
          "maxWidth": 780,
          "position": "relative",
          "top": "12px",
        }
      }
    >
      <div>
        <h2>
          Get Started
        </h2>
        <p>
          Your devices first need to have the Mender client running on them in order to connect to the server. We support several ways of integrating your device with Mender and connecting it to the Mender server.
        </p>
        <p>
          For a detailed introduction to the different approaches to do this, please refer to our
           
          <a
            href="https://docs.mender.io/development/get-started"
            rel="noopener noreferrer"
            target="_blank"
          >
            documentation
          </a>
          .
        </p>
      </div>
    </div>
  </div>
</div>
`;
