// Jest Snapshot v1, https://goo.gl/fbAQLP

exports[`renders correctly 1`] = `
<div
  className="help-container"
>
  <ul
    className="MuiList-root leftFixed MuiList-padding"
  >
    <li
      className="MuiListSubheader-root MuiListSubheader-gutters"
    >
      Help topics
    </li>
    <a
      aria-current={null}
      className="MuiListItem-root navLink helpNav MuiListItem-gutters"
      disabled={false}
      href="/help/getting-started"
      onClick={[Function]}
      style={
        Object {
          "paddingLeft": 16,
        }
      }
    >
      <div
        className="MuiListItemText-root"
      >
        <span
          className="MuiTypography-root MuiListItemText-primary MuiTypography-body1"
        >
          Getting started
        </span>
      </div>
    </a>
    <a
      aria-current={null}
      className="MuiListItem-root navLink helpNav MuiListItem-gutters"
      disabled={false}
      href="/help/application-updates"
      onClick={[Function]}
      style={
        Object {
          "paddingLeft": 16,
        }
      }
    >
      <div
        className="MuiListItemText-root"
      >
        <span
          className="MuiTypography-root MuiListItemText-primary MuiTypography-body1"
        >
          Application updates
        </span>
      </div>
    </a>
    <a
      aria-current={null}
      className="MuiListItem-root navLink helpNav MuiListItem-gutters"
      disabled={false}
      href="/help/application-updates/mender-deb-package"
      onClick={[Function]}
      style={
        Object {
          "paddingLeft": 32,
        }
      }
    >
      <div
        className="MuiListItemText-root"
      >
        <span
          className="MuiTypography-root MuiListItemText-primary MuiTypography-body1"
        >
          Connecting your device using Mender .deb package
        </span>
      </div>
    </a>
    <a
      aria-current={null}
      className="MuiListItem-root navLink helpNav MuiListItem-gutters"
      disabled={false}
      href="/help/application-updates/demo-virtual-device"
      onClick={[Function]}
      style={
        Object {
          "paddingLeft": 32,
        }
      }
    >
      <div
        className="MuiListItemText-root"
      >
        <span
          className="MuiTypography-root MuiListItemText-primary MuiTypography-body1"
        >
          Connecting a demo virtual device
        </span>
      </div>
    </a>
    <a
      aria-current={null}
      className="MuiListItem-root navLink helpNav MuiListItem-gutters"
      disabled={false}
      href="/help/application-updates/update-modules"
      onClick={[Function]}
      style={
        Object {
          "paddingLeft": 32,
        }
      }
    >
      <div
        className="MuiListItemText-root"
      >
        <span
          className="MuiTypography-root MuiListItemText-primary MuiTypography-body1"
        >
          Enabling different kinds of updates with Update Modules
        </span>
      </div>
    </a>
    <a
      aria-current={null}
      className="MuiListItem-root navLink helpNav MuiListItem-gutters"
      disabled={false}
      href="/help/system-updates"
      onClick={[Function]}
      style={
        Object {
          "paddingLeft": 16,
        }
      }
    >
      <div
        className="MuiListItemText-root"
      >
        <span
          className="MuiTypography-root MuiListItemText-primary MuiTypography-body1"
        >
          System updates
        </span>
      </div>
    </a>
    <a
      aria-current={null}
      className="MuiListItem-root navLink helpNav MuiListItem-gutters"
      disabled={false}
      href="/help/system-updates/board-integrations"
      onClick={[Function]}
      style={
        Object {
          "paddingLeft": 32,
        }
      }
    >
      <div
        className="MuiListItemText-root"
      >
        <span
          className="MuiTypography-root MuiListItemText-primary MuiTypography-body1"
        >
          Supported board integrations on Mender Hub
        </span>
      </div>
    </a>
    <a
      aria-current={null}
      className="MuiListItem-root navLink helpNav MuiListItem-gutters"
      disabled={false}
      href="/help/system-updates/build-with-yocto"
      onClick={[Function]}
      style={
        Object {
          "paddingLeft": 32,
        }
      }
    >
      <div
        className="MuiListItemText-root"
      >
        <span
          className="MuiTypography-root MuiListItemText-primary MuiTypography-body1"
        >
          Building a Mender-enabled Yocto image
        </span>
      </div>
    </a>
    <a
      aria-current={null}
      className="MuiListItem-root navLink helpNav MuiListItem-gutters"
      disabled={false}
      href="/help/system-updates/integrate-debian"
      onClick={[Function]}
      style={
        Object {
          "paddingLeft": 32,
        }
      }
    >
      <div
        className="MuiListItemText-root"
      >
        <span
          className="MuiTypography-root MuiListItemText-primary MuiTypography-body1"
        >
          Devices running Debian family
        </span>
      </div>
    </a>
    <a
      aria-current={null}
      className="MuiListItem-root navLink helpNav MuiListItem-gutters"
      disabled={false}
      href="/help/releases-artifacts"
      onClick={[Function]}
      style={
        Object {
          "paddingLeft": 16,
        }
      }
    >
      <div
        className="MuiListItemText-root"
      >
        <span
          className="MuiTypography-root MuiListItemText-primary MuiTypography-body1"
        >
          Releases and artifacts
        </span>
      </div>
    </a>
    <a
      aria-current={null}
      className="MuiListItem-root navLink helpNav MuiListItem-gutters"
      disabled={false}
      href="/help/releases-artifacts/build-demo-artifact"
      onClick={[Function]}
      style={
        Object {
          "paddingLeft": 32,
        }
      }
    >
      <div
        className="MuiListItemText-root"
      >
        <span
          className="MuiTypography-root MuiListItemText-primary MuiTypography-body1"
        >
          Building a demo application update Artifact
        </span>
      </div>
    </a>
    <a
      aria-current={null}
      className="MuiListItem-root navLink helpNav MuiListItem-gutters"
      disabled={false}
      href="/help/more-help-resources"
      onClick={[Function]}
      style={
        Object {
          "paddingLeft": 16,
        }
      }
    >
      <div
        className="MuiListItemText-root"
      >
        <span
          className="MuiTypography-root MuiListItemText-primary MuiTypography-body1"
        >
          More resources
        </span>
      </div>
    </a>
  </ul>
  <div>
    <p
      style={
        Object {
          "color": "rgba(0, 0, 0, 0.54)",
          "maxWidth": 780,
        }
      }
    >
      Help 
      
    </p>
    <div
      className="help-content"
      style={
        Object {
          "maxWidth": 780,
          "position": "relative",
          "top": "12px",
        }
      }
    >
      <div>
        <h2>
          Getting Started
        </h2>
        <p>
          Your devices first need to have the Mender client running on them in order to connect to the server.
          <br />
          There are two approaches to this, depending on what kind of updates you want to do.
        </p>
        <h3>
          Application updates
        </h3>
        <h4>
          (Recommended for new users)
        </h4>
        <p>
          For partial updates such as application updates, you can install Mender on your device as a .deb package. This is the quickest and easiest way to get started with Mender.
        </p>
        <p>
          Get started here: 
          <a
            href="/help/application-updates/mender-deb-package"
            onClick={[Function]}
          >
            How to connect your device using .deb package
          </a>
        </p>
        <h3>
          System updates
        </h3>
        <p>
          The most robust and reliable approach is full rootfs system updates. For this, the Mender client needs to be integrated as part of the disk image, which can be done by building with Yocto or converting an existing Debian disk image. This approach also enables support for partial updates, but there are some device partition layout requirements.
        </p>
        <p>
          The 
          <a
            href="/help/system-updates"
            onClick={[Function]}
          >
            System updates section
          </a>
           has several help pages to get you started enabling and connecting your devices for system updates.
        </p>
      </div>
    </div>
  </div>
</div>
`;
