// Jest Snapshot v1, https://goo.gl/fbAQLP

exports[`RolloutSchedule Component renders correctly 1`] = `
.emotion-0 {
  border-bottom: 1px solid #fafafa;
}

.emotion-0 span {
  background: #fff;
}

.emotion-1 {
  margin-left: 32px;
  margin-right: 32px;
}

.emotion-2 {
  -webkit-user-select: none;
  -moz-user-select: none;
  -ms-user-select: none;
  user-select: none;
  width: 1em;
  height: 1em;
  display: inline-block;
  fill: currentColor;
  -webkit-flex-shrink: 0;
  -ms-flex-negative: 0;
  flex-shrink: 0;
  -webkit-transition: fill 200ms cubic-bezier(0.4, 0, 0.2, 1) 0ms;
  transition: fill 200ms cubic-bezier(0.4, 0, 0.2, 1) 0ms;
  font-size: 1.5rem;
}

.emotion-3 {
  max-width: 270px;
  border-radius: 5px;
  padding-top: 8px;
  padding-bottom: 24px;
}

.emotion-4 {
  -webkit-align-self: flex-start;
  -ms-flex-item-align: flex-start;
  align-self: flex-start;
  margin: 16px;
  margin-left: 20px;
}

.emotion-5 {
  max-width: 100%;
  font-family: "Roboto","Helvetica","Arial",sans-serif;
  font-size: 0.8125rem;
  display: -webkit-inline-box;
  display: -webkit-inline-flex;
  display: -ms-inline-flexbox;
  display: inline-flex;
  -webkit-align-items: center;
  -webkit-box-align: center;
  -ms-flex-align: center;
  align-items: center;
  -webkit-box-pack: center;
  -ms-flex-pack: center;
  -webkit-justify-content: center;
  justify-content: center;
  height: 24px;
  color: rgba(0, 0, 0, 0.87);
  background-color: rgba(0, 0, 0, 0.08);
  border-radius: 16px;
  white-space: nowrap;
  -webkit-transition: background-color 300ms cubic-bezier(0.4, 0, 0.2, 1) 0ms,box-shadow 300ms cubic-bezier(0.4, 0, 0.2, 1) 0ms;
  transition: background-color 300ms cubic-bezier(0.4, 0, 0.2, 1) 0ms,box-shadow 300ms cubic-bezier(0.4, 0, 0.2, 1) 0ms;
  cursor: default;
  outline: 0;
  -webkit-text-decoration: none;
  text-decoration: none;
  border: 0;
  padding: 0;
  vertical-align: middle;
  box-sizing: border-box;
}

.emotion-5.Mui-disabled {
  opacity: 0.38;
  pointer-events: none;
}

.emotion-5 .MuiChip-avatar {
  margin-left: 5px;
  margin-right: -6px;
  width: 24px;
  height: 24px;
  color: #616161;
  font-size: 0.75rem;
}

.emotion-5 .MuiChip-avatarColorPrimary {
  color: #fff;
  background-color: #1565c0;
}

.emotion-5 .MuiChip-avatarColorSecondary {
  color: #fff;
  background-color: #7b1fa2;
}

.emotion-5 .MuiChip-avatarSmall {
  margin-left: 4px;
  margin-right: -4px;
  width: 18px;
  height: 18px;
  font-size: 0.625rem;
}

.emotion-5 .MuiChip-icon {
  color: #616161;
  margin-left: 4px;
  margin-right: -4px;
  font-size: 18px;
}

.emotion-5 .MuiChip-deleteIcon {
  -webkit-tap-highlight-color: transparent;
  color: rgba(0, 0, 0, 0.26);
  font-size: 16px;
  cursor: pointer;
  margin: 0 5px 0 -6px;
  margin-right: 4px;
  margin-left: -4px;
}

.emotion-5 .MuiChip-deleteIcon:hover {
  color: rgba(0, 0, 0, 0.4);
}

.emotion-6 {
  overflow: hidden;
  text-overflow: ellipsis;
  padding-left: 8px;
  padding-right: 8px;
  white-space: nowrap;
}

<div>
  <h4
    class="dashboard-header emotion-0 margin-top-large"
  >
    <span>
      Schedule details
    </span>
  </h4>
  <div
    class="flexbox"
  >
    <div
      class="break-all two-columns column-data  "
      style="align-items: center; align-self: flex-start; grid-template-columns: minmax(140px, 1fr) minmax(220px, 1fr); max-width: 25vw;"
    >
      <div
        class="align-right  muted"
      >
        <b>
          Start time
        </b>
      </div>
      <div
        class="flexbox "
      >
        <time
          datetime="2019-01-01T12:25:00+00:00"
        >
          2019-01-01 12:25
        </time>
      </div>
      <div
        class="align-right  muted"
      >
        <b>
          Current phase
        </b>
      </div>
      <div
        class="flexbox "
      >
        1
      </div>
    </div>
    <svg
      aria-hidden="true"
      class="MuiSvgIcon-root MuiSvgIcon-fontSizeMedium emotion-1 emotion-2"
      data-testid="ArrowForwardIcon"
      focusable="false"
      viewBox="0 0 24 24"
    >
      <path
        d="m12 4-1.41 1.41L16.17 11H4v2h12.17l-5.58 5.59L12 20l8-8z"
      />
    </svg>
    <div
      class="break-all two-columns column-data  "
      style="align-items: center; align-self: flex-start; grid-template-columns: minmax(140px, 1fr) minmax(220px, 1fr); max-width: 25vw;"
    >
      <div
        class="align-right  muted"
      >
        <b>
          End time
        </b>
      </div>
      <div
        class="flexbox "
      >
        -
      </div>
    </div>
  </div>
  <div
    class="progress-chart-container margin-top"
  >
    <div
      class="progress-chart detailed"
    >
      <div
        class="progress-step progress-step-total"
      >
        <div
          class="progress-bar"
        />
      </div>
      <div
        class="progress-step"
        style="flex-grow: 1;"
      >
        <div
          class="progress-step-number muted"
        >
          Phase 1
        </div>
        <div
          class="flexbox progress-bar"
        >
          <div
            class="progress-bar green"
            style="width: 0%;"
          />
          <div
            class="progress-bar warning"
            style="width: 0%;"
          />
        </div>
      </div>
    </div>
  </div>
  <div
    class="deployment-phases-report margin-top margin-bottom"
    style="grid-template-columns: repeat(auto-fit, 270px);"
  >
    <div
      class="flexbox column centered emotion-3 "
    >
      <div
        class="muted"
      >
        Complete
      </div>
      <div
        class="MuiChip-root MuiChip-filled MuiChip-sizeSmall MuiChip-colorDefault MuiChip-filledDefault emotion-4 emotion-5"
      >
        <span
          class="MuiChip-label MuiChip-labelSmall emotion-6"
        >
          Phase 1
        </span>
      </div>
      <div
        class="break-all two-columns column-data  "
        style="align-items: center; align-self: initial; grid-template-columns: minmax(140px, 1fr) minmax(220px, 1fr); max-width: 25vw;"
      >
        <div
          class="align-right  muted"
        >
          <b>
            Start time
          </b>
        </div>
        <div
          class="flexbox "
        >
          <time
            datetime="2019-01-01T12:25:00+00:00"
          >
            2019-01-01 12:25
          </time>
        </div>
        <div
          class="align-right  muted"
        >
          <b>
            Batch size
          </b>
        </div>
        <div
          class="flexbox "
        >
          <div
            class="muted"
          >
            100% (1 device)
          </div>
        </div>
      </div>
    </div>
  </div>
</div>
`;
