// Jest Snapshot v1, https://goo.gl/fbAQLP

exports[`PhaseProgress Component renders correctly 1`] = `
<div>
  <div
    class="flexbox column "
  >
    <div
      class="progress-chart-container stepped-progress"
      style="background: none;"
    >
      Phase 1: 
      100
      % (
      1
       
      device
      )
      <div
        class="progress-chart detailed"
      >
        <div
          class="progress-step"
          style="width: 25%; height: 100%; position: absolute; left: 0%;"
        >
          <div
            class="flexbox"
            style="width: 100%;"
          >
            <div
              class="progress-bar green"
              style="width: 100%;"
            />
            <div
              class="progress-bar warning"
              style="width: 0%;"
            />
          </div>
          <div
            class="progress-step-number"
            style="align-self: flex-end; margin-bottom: -20px;"
          >
            download
          </div>
        </div>
        <div
          style="display: grid; row-gap: 4px; place-items: center; position: absolute; grid-template-rows: 45px 1.25rem min-content; left: 12.5%; width: 25%;"
        >
          <div
            style="border-left: 1px solid #e0e0e0; height: 100%; z-index: 1;"
          />
          <svg
            aria-hidden="true"
            class="MuiSvgIcon-root MuiSvgIcon-fontSizeSmall"
            focusable="false"
            viewBox="0 0 24 24"
          >
            <path
              d="M12 2C6.48 2 2 6.48 2 12s4.48 10 10 10 10-4.48 10-10S17.52 2 12 2zm-2 15l-5-5 1.41-1.41L10 14.17l7.59-7.59L19 8l-9 9z"
            />
          </svg>
          <div />
        </div>
        <div
          class="progress-step"
          style="width: 25%; height: 100%; position: absolute; left: 25%;"
        >
          <div
            class="flexbox"
            style="width: 100%;"
          >
            <div
              class="progress-bar green"
              style="width: 0%;"
            />
            <div
              class="progress-bar warning"
              style="width: 0%;"
            />
          </div>
          <div
            class="progress-step-number"
            style="align-self: flex-end; margin-bottom: -20px;"
          >
            install
          </div>
        </div>
        <div
          style="display: grid; row-gap: 4px; place-items: center; position: absolute; grid-template-rows: 45px 1.25rem min-content; left: 37.5%; width: 25%;"
        >
          <div
            style="border-left: 1px solid #e0e0e0; height: 100%; z-index: 1;"
          />
          <div />
          <div />
        </div>
        <div
          class="progress-step"
          style="width: 25%; height: 100%; position: absolute; left: 50%;"
        >
          <div
            class="flexbox"
            style="width: 100%;"
          >
            <div
              class="progress-bar green"
              style="width: 0%;"
            />
            <div
              class="progress-bar warning"
              style="width: 0%;"
            />
          </div>
          <div
            class="progress-step-number"
            style="align-self: flex-end; margin-bottom: -20px;"
          >
            reboot
          </div>
        </div>
        <div
          style="display: grid; row-gap: 4px; place-items: center; position: absolute; grid-template-rows: 45px 1.25rem min-content; left: 62.5%; width: 25%;"
        >
          <div
            style="border-left: 1px solid #e0e0e0; height: 100%; z-index: 1;"
          />
          <div />
          <div />
        </div>
        <div
          class="progress-step"
          style="width: 25%; height: 100%; position: absolute; left: 75%;"
        >
          <div
            class="flexbox"
            style="width: 100%;"
          >
            <div
              class="progress-bar green"
              style="width: 0%;"
            />
            <div
              class="progress-bar warning"
              style="width: 0%;"
            />
          </div>
          <div
            class="progress-step-number"
            style="align-self: flex-end; margin-bottom: -20px;"
          >
            commit
          </div>
        </div>
        <div
          style="display: grid; row-gap: 4px; place-items: center; position: absolute; grid-template-rows: 45px 1.25rem min-content; left: 87.5%; width: 25%;"
        >
          <div
            style="border-left: 1px solid transparent; height: 100%; z-index: 1;"
          />
          <div />
          <div />
        </div>
        <div
          class="progress-step progress-step-total"
          style="height: 100%;"
        >
          <div
            class="progress-bar"
            style="width: 100%;"
          />
        </div>
      </div>
    </div>
    <div
      class="margin-top"
    >
      Deployment is 
      <span
        class="uppercased"
      >
        Pending
      </span>
       with 
      0
       
      failures
    </div>
  </div>
</div>
`;

exports[`PhaseProgress Component renders correctly for list usage 1`] = `
<div>
  <div
    class="flexbox column progress-chart-container stepped-progress "
  >
    <div
      class="flexbox space-between"
      style="margin-bottom: 8px;"
    >
      <svg
        aria-hidden="true"
        class="MuiSvgIcon-root MuiSvgIcon-fontSizeInherit"
        focusable="false"
        viewBox="0 0 24 24"
      >
        <path
          d="M8 5v14l11-7z"
        />
      </svg>
      <div
        class="flexbox center-aligned"
      >
        0 failures
      </div>
    </div>
    <div
      class="muted slightly-smaller"
      style="margin: 4px;"
    >
      Phase 1 of 1
    </div>
    <div
      class="progress-chart "
      style="max-width: 90%; min-height: 65px;"
    >
      <div
        class="progress-step"
        style="width: 25%; position: absolute; left: 0%;"
      >
        <div
          class="flexbox"
          style="width: 100%;"
        >
          <div
            class="progress-bar green"
            style="width: 100%;"
          />
          <div
            class="progress-bar warning"
            style="width: 0%;"
          />
        </div>
      </div>
      <div
        style="display: grid; row-gap: 4px; place-items: center; position: absolute; grid-template-rows: 20px 1.25rem min-content; left: 12.5%; width: 25%;"
      >
        <div
          style="border-left: 1px solid #e0e0e0; height: 100%; z-index: 1;"
        />
        <svg
          aria-hidden="true"
          class="MuiSvgIcon-root MuiSvgIcon-fontSizeSmall"
          focusable="false"
          viewBox="0 0 24 24"
        >
          <path
            d="M12 2C6.48 2 2 6.48 2 12s4.48 10 10 10 10-4.48 10-10S17.52 2 12 2zm-2 15l-5-5 1.41-1.41L10 14.17l7.59-7.59L19 8l-9 9z"
          />
        </svg>
        <div
          class="capitalized slightly-smaller"
        >
          downloaded
        </div>
      </div>
      <div
        class="progress-step"
        style="width: 25%; position: absolute; left: 25%;"
      >
        <div
          class="flexbox"
          style="width: 100%;"
        >
          <div
            class="progress-bar green"
            style="width: 0%;"
          />
          <div
            class="progress-bar warning"
            style="width: 0%;"
          />
        </div>
      </div>
      <div
        style="display: grid; row-gap: 4px; place-items: center; position: absolute; grid-template-rows: 20px 1.25rem min-content; left: 37.5%; width: 25%;"
      >
        <div
          style="border-left: 1px solid #e0e0e0; height: 100%; z-index: 1;"
        />
        <div />
        <div
          class="capitalized slightly-smaller"
        >
          installed
        </div>
      </div>
      <div
        class="progress-step"
        style="width: 25%; position: absolute; left: 50%;"
      >
        <div
          class="flexbox"
          style="width: 100%;"
        >
          <div
            class="progress-bar green"
            style="width: 0%;"
          />
          <div
            class="progress-bar warning"
            style="width: 0%;"
          />
        </div>
      </div>
      <div
        style="display: grid; row-gap: 4px; place-items: center; position: absolute; grid-template-rows: 20px 1.25rem min-content; left: 62.5%; width: 25%;"
      >
        <div
          style="border-left: 1px solid #e0e0e0; height: 100%; z-index: 1;"
        />
        <div />
        <div
          class="capitalized slightly-smaller"
        >
          rebooted
        </div>
      </div>
      <div
        class="progress-step"
        style="width: 25%; position: absolute; left: 75%;"
      >
        <div
          class="flexbox"
          style="width: 100%;"
        >
          <div
            class="progress-bar green"
            style="width: 0%;"
          />
          <div
            class="progress-bar warning"
            style="width: 0%;"
          />
        </div>
      </div>
      <div
        style="display: grid; row-gap: 4px; place-items: center; position: absolute; grid-template-rows: 20px 1.25rem min-content; left: 87.5%; width: 25%;"
      >
        <div
          style="border-left: 1px solid transparent; height: 100%; z-index: 1;"
        />
        <div />
        <div
          class="capitalized slightly-smaller"
        >
          committed
        </div>
      </div>
      <div
        class="progress-step progress-step-total"
      >
        <div
          class="progress-bar"
          style="width: 100%;"
        />
      </div>
    </div>
  </div>
</div>
`;
