// Jest Snapshot v1, https://goo.gl/fbAQLP

exports[`DeviceDetails Component renders correctly 1`] = `
.emotion-0 {
  grid-template-columns: minmax(max-content, 150px) max-content;
  row-gap: 20px;
}

.emotion-1 {
  color: rgba(0, 0, 0, 0.6);
  font-weight: initial;
}

.emotion-2 {
  -webkit-user-select: none;
  -moz-user-select: none;
  -ms-user-select: none;
  user-select: none;
  width: 1em;
  height: 1em;
  display: inline-block;
  fill: currentColor;
  -webkit-flex-shrink: 0;
  -ms-flex-negative: 0;
  flex-shrink: 0;
  -webkit-transition: fill 200ms cubic-bezier(0.4, 0, 0.2, 1) 0ms;
  transition: fill 200ms cubic-bezier(0.4, 0, 0.2, 1) 0ms;
  font-size: 1.25rem;
}

<div
  class="flexbox column margin-top-small"
>
  <b
    class="margin-bottom-small capitalized-start"
  >
    device
     details
  </b>
  <div
    class="muted two-columns emotion-0"
  >
    <div
      class="align-right"
    >
      <b>
        Device ID
      </b>
    </div>
    <div>
      <a
        class="flexbox center-aligned emotion-1"
        href="/devices?id=a1"
      >
        <div>
          a1
        </div>
        <svg
          aria-hidden="true"
          class="MuiSvgIcon-root MuiSvgIcon-fontSizeSmall margin-left-small link-color emotion-2"
          data-testid="LaunchIcon"
          focusable="false"
          viewBox="0 0 24 24"
        >
          <path
            d="M19 19H5V5h7V3H5c-1.11 0-2 .9-2 2v14c0 1.1.89 2 2 2h14c1.1 0 2-.9 2-2v-7h-2v7zM14 3v2h3.59l-9.83 9.83 1.41 1.41L19 6.41V10h2V3h-7z"
          />
        </svg>
      </a>
    </div>
    <div
      class="align-right"
    >
      <b>
        Device type
      </b>
    </div>
    <div>
      raspberrypi4
    </div>
    <div
      class="align-right"
    >
      <b>
        System software version
      </b>
    </div>
    <div>
      -
    </div>
    <div
      class="align-right"
    >
      <b>
         
      </b>
    </div>
    <div>
      <a
        href="/auditlog?object_type=device&object_id=a1&start_date=2016-01-01T00:00:00.000Z"
      >
        List all log entries for this device
      </a>
    </div>
  </div>
</div>
`;
