// Jest Snapshot v1, https://goo.gl/fbAQLP

exports[`DeploymentStatus Component renders correctly 1`] = `
<div>
  <div
    class="flexbox results-status"
  >
    <div
      class="disabled"
      title="Skipped"
    >
      <img
        src="skipped_status.png"
      />
      <span
        class="status"
      >
        0
      </span>
    </div>
    <div
      class="disabled"
      title="Pending"
    >
      <img
        src="pending_status.png"
      />
      <span
        class="status"
      >
        0
      </span>
    </div>
    <div
      class="disabled"
      title="In progress"
    >
      <img
        src="progress_status.png"
      />
      <span
        class="status"
      >
        0
      </span>
    </div>
    <div
      class="disabled"
      title="Successful"
    >
      <img
        src="success_status.png"
      />
      <span
        class="status"
      >
        0
      </span>
    </div>
    <div
      class="disabled"
      title="Failed"
    >
      <img
        src="error_status.png"
      />
      <span
        class="status"
      >
        0
      </span>
    </div>
  </div>
</div>
`;
