// Jest Snapshot v1, https://goo.gl/fbAQLP

exports[`DeploymentsList Component renders correctly 1`] = `
.emotion-0 {
  background-color: #f7f7f7;
  padding: 10px 20px;
  border-radius: 4px;
  -webkit-box-pack: center;
  -ms-flex-pack: center;
  -webkit-justify-content: center;
  justify-content: center;
  min-height: 70px;
}

.emotion-0 .chart-container {
  min-height: 70px;
}

.emotion-0 .progress-chart {
  min-height: 45px;
}

.emotion-0 .compact .progress-step,
.emotion-0 .detailed .progress-step {
  min-height: 45px;
}

.emotion-0 .progress-step,
.emotion-0 .detailed .progress-step-total {
  position: absolute;
  border-right-style: none;
}

.emotion-0 .progress-step-total .progress-bar {
  background-color: #d4e9e7;
}

.emotion-0 .progress-step-number {
  -webkit-align-self: flex-start;
  -ms-flex-item-align: flex-start;
  align-self: flex-start;
  margin-top: -4px;
}

.emotion-0.minimal {
  padding: initial;
}

.emotion-0.no-background {
  background: none;
}

.emotion-0.stepped-progress .progress-step-total {
  margin-left: -0.25%;
  width: 100.5%;
}

.emotion-0.stepped-progress .progress-step-total .progress-bar {
  background-color: #fff;
  border: 1px solid #a9a9a9;
  border-radius: 2px;
  height: 12px;
}

.emotion-0.stepped-progress .detailed .progress-step {
  min-height: 20px;
}

.emotion-1 {
  display: grid;
  grid-template-columns: 2fr 1fr;
  grid-column-gap: 16px;
}

.emotion-1 .progress-chart.detailed {
  min-height: 20px;
  -webkit-align-items: center;
  -webkit-box-align: center;
  -ms-flex-align: center;
  align-items: center;
}

.emotion-2 {
  display: -webkit-inline-box;
  display: -webkit-inline-flex;
  display: -ms-inline-flexbox;
  display: inline-flex;
  -webkit-align-items: center;
  -webkit-box-align: center;
  -ms-flex-align: center;
  align-items: center;
  -webkit-box-pack: center;
  -ms-flex-pack: center;
  -webkit-justify-content: center;
  justify-content: center;
  position: relative;
  box-sizing: border-box;
  -webkit-tap-highlight-color: transparent;
  background-color: transparent;
  outline: 0;
  border: 0;
  margin: 0;
  border-radius: 0;
  padding: 0;
  cursor: pointer;
  -webkit-user-select: none;
  -moz-user-select: none;
  -ms-user-select: none;
  user-select: none;
  vertical-align: middle;
  -moz-appearance: none;
  -webkit-appearance: none;
  -webkit-text-decoration: none;
  text-decoration: none;
  color: inherit;
  font-family: Lato,sans-serif;
  font-weight: 500;
  font-size: 0.8125rem;
  line-height: 1.75;
  text-transform: uppercase;
  min-width: 64px;
  padding: 6px 16px;
  border-radius: 4px;
  -webkit-transition: background-color 250ms cubic-bezier(0.4, 0, 0.2, 1) 0ms,box-shadow 250ms cubic-bezier(0.4, 0, 0.2, 1) 0ms,border-color 250ms cubic-bezier(0.4, 0, 0.2, 1) 0ms,color 250ms cubic-bezier(0.4, 0, 0.2, 1) 0ms;
  transition: background-color 250ms cubic-bezier(0.4, 0, 0.2, 1) 0ms,box-shadow 250ms cubic-bezier(0.4, 0, 0.2, 1) 0ms,border-color 250ms cubic-bezier(0.4, 0, 0.2, 1) 0ms,color 250ms cubic-bezier(0.4, 0, 0.2, 1) 0ms;
  color: #fff;
  background-color: #337a87;
  box-shadow: 0px 3px 1px -2px rgba(0,0,0,0.2),0px 2px 2px 0px rgba(0,0,0,0.14),0px 1px 5px 0px rgba(0,0,0,0.12);
  border-radius: 2px;
  font-size: 14px;
  font-weight: bold;
  background-color: transparent;
  color: rgba(10, 10, 11, 0.78);
  justify-self: center;
  text-transform: none;
}

.emotion-2::-moz-focus-inner {
  border-style: none;
}

.emotion-2.Mui-disabled {
  pointer-events: none;
  cursor: default;
}

@media print {
  .emotion-2 {
    -webkit-print-color-adjust: exact;
    color-adjust: exact;
  }
}

.emotion-2:hover {
  -webkit-text-decoration: none;
  text-decoration: none;
  background-color: rgb(35, 85, 94);
  box-shadow: 0px 2px 4px -1px rgba(0,0,0,0.2),0px 4px 5px 0px rgba(0,0,0,0.14),0px 1px 10px 0px rgba(0,0,0,0.12);
}

@media (hover: none) {
  .emotion-2:hover {
    background-color: #337a87;
  }
}

.emotion-2:active {
  box-shadow: 0px 5px 5px -3px rgba(0,0,0,0.2),0px 8px 10px 1px rgba(0,0,0,0.14),0px 3px 14px 2px rgba(0,0,0,0.12);
}

.emotion-2.Mui-focusVisible {
  box-shadow: 0px 3px 5px -1px rgba(0,0,0,0.2),0px 6px 10px 0px rgba(0,0,0,0.14),0px 1px 18px 0px rgba(0,0,0,0.12);
}

.emotion-2.Mui-disabled {
  color: rgba(0, 0, 0, 0.26);
  box-shadow: none;
  background-color: rgba(0, 0, 0, 0.12);
}

.emotion-2:hover {
  colors: #337a87;
}

.emotion-2.MuiButton-text {
  color: rgba(10, 10, 11, 0.78);
}

.emotion-2:hover {
  background-color: transparent;
  color: rgba(10, 10, 11, 0.78);
}

.emotion-3 {
  overflow: hidden;
  pointer-events: none;
  position: absolute;
  z-index: 0;
  top: 0;
  right: 0;
  bottom: 0;
  left: 0;
  border-radius: inherit;
}

.emotion-4 {
  -webkit-user-select: none;
  -moz-user-select: none;
  -ms-user-select: none;
  user-select: none;
  width: 1em;
  height: 1em;
  display: inline-block;
  fill: currentColor;
  -webkit-flex-shrink: 0;
  -ms-flex-negative: 0;
  flex-shrink: 0;
  -webkit-transition: fill 200ms cubic-bezier(0.4, 0, 0.2, 1) 0ms;
  transition: fill 200ms cubic-bezier(0.4, 0, 0.2, 1) 0ms;
  font-size: inherit;
}

.emotion-4 iconButton {
  margin-right: 8px;
}

<div
  class="fadeIn deploy-table-contain "
>
  <div
    class="deployment-item deployment-header-item muted pending-item"
  >
    <div
      class=""
    >
      Release
    </div>
    <div
      class=""
    >
      Target device(s)
    </div>
    <div
      class=""
    >
      Start time
    </div>
    <div
      class=""
    >
      End time
    </div>
    <div
      class="align-right column-defined"
    >
      # devices
    </div>
    <div
      class=""
    >
      Status
    </div>
  </div>
  <div
    class=""
  >
    <div
      class="deployment-item pending-item"
    >
      <div>
        <span
          class="deployment-item-title muted"
        >
          Release
        </span>
        <div
          class="text-overflow "
          title="r1"
        >
          r1
        </div>
      </div>
      <div>
        <span
          class="deployment-item-title muted"
        >
          Target device(s)
        </span>
        <div
          class="text-overflow "
          title="test deployment"
        >
          test deployment
        </div>
      </div>
      <div>
        <span
          class="deployment-item-title muted"
        >
          Start time
        </span>
        <span
          aria-label="Tue Jan 01 2019 12:30:00 GMT+0000"
          class=""
          data-mui-internal-clone-element="true"
        >
          <time
            datetime="2019-01-01T12:30:00+00:00"
          >
            2019-01-01 12:30
          </time>
        </span>
      </div>
      <div>
        <span
          class="deployment-item-title muted"
        >
          End time
        </span>
        <span
          aria-label=""
          class=""
          data-mui-internal-clone-element="true"
        >
          <div
            class=""
          >
            -
          </div>
        </span>
      </div>
      <div
        class="align-right column-defined"
      >
        <span
          class="deployment-item-title muted"
        >
          # devices
        </span>
        <div
          class="align-right column-defined"
        >
          1
        </div>
      </div>
      <div>
        <span
          class="deployment-item-title muted"
        >
          Status
        </span>
        <div
          class="relative emotion-0  "
        >
          <div
            class="emotion-1"
          >
            <div
              class="progress-chart relative detailed"
            >
              <div
                class="progress-step"
                style="left: 0%; width: 100%;"
              >
                <div
                  class="progress-bar"
                  style="width: 100%; background-color: rgb(170, 170, 170);"
                />
                <div
                  style="display: contents;"
                >
                  <div
                    class="progress-bar green"
                    style="width: 0%;"
                  />
                  <div
                    class="progress-bar warning"
                    style="left: 0%; width: 0%;"
                  />
                </div>
              </div>
              <div
                class="progress-step relative flexbox progress-step-total"
              >
                <div
                  class="progress-bar"
                />
              </div>
            </div>
            <div
              class="flexbox center-aligned muted"
              style="justify-content: flex-end;"
            >
              0 failures
            </div>
          </div>
          <div
            class="flexbox space-between muted"
          >
            <div>
              Devices in progress
            </div>
            <div>
              Current phase: 1 of 1
            </div>
          </div>
        </div>
      </div>
      <button
        class="MuiButtonBase-root MuiButton-root MuiButton-contained MuiButton-containedPrimary MuiButton-sizeMedium MuiButton-containedSizeMedium MuiButton-colorPrimary MuiButton-root MuiButton-contained MuiButton-containedPrimary MuiButton-sizeMedium MuiButton-containedSizeMedium MuiButton-colorPrimary emotion-2"
        tabindex="0"
        type="button"
      >
        View details
        <span
          class="MuiTouchRipple-root emotion-3"
        />
      </button>
    </div>
    <div
      class="deployment-item pending-item"
    >
      <div>
        <span
          class="deployment-item-title muted"
        >
          Release
        </span>
        <div
          class="text-overflow "
          title="r1"
        >
          r1
        </div>
      </div>
      <div>
        <span
          class="deployment-item-title muted"
        >
          Target device(s)
        </span>
        <div
          class="text-overflow "
          title="test deployment 2"
        >
          test deployment 2
        </div>
      </div>
      <div>
        <span
          class="deployment-item-title muted"
        >
          Start time
        </span>
        <span
          aria-label="Tue Jan 01 2019 12:25:00 GMT+0000"
          class=""
          data-mui-internal-clone-element="true"
        >
          <time
            datetime="2019-01-01T12:25:00+00:00"
          >
            2019-01-01 12:25
          </time>
        </span>
      </div>
      <div>
        <span
          class="deployment-item-title muted"
        >
          End time
        </span>
        <span
          aria-label=""
          class=""
          data-mui-internal-clone-element="true"
        >
          <div
            class=""
          >
            -
          </div>
        </span>
      </div>
      <div
        class="align-right column-defined"
      >
        <span
          class="deployment-item-title muted"
        >
          # devices
        </span>
        <div
          class="align-right column-defined"
        >
          1
        </div>
      </div>
      <div>
        <span
          class="deployment-item-title muted"
        >
          Status
        </span>
        <div
          class="flexbox center-aligned"
        >
          <svg
            aria-hidden="true"
            class="MuiSvgIcon-root MuiSvgIcon-fontSizeInherit emotion-4"
            focusable="false"
            viewBox="0 0 24 24"
          >
            <path
              d="M12,2A10,10 0 0,1 22,12A10,10 0 0,1 12,22A10,10 0 0,1 2,12A10,10 0 0,1 12,2M12,4A8,8 0 0,0 4,12A8,8 0 0,0 12,20A8,8 0 0,0 20,12A8,8 0 0,0 12,4M12,10.5A1.5,1.5 0 0,1 13.5,12A1.5,1.5 0 0,1 12,13.5A1.5,1.5 0 0,1 10.5,12A1.5,1.5 0 0,1 12,10.5M7.5,10.5A1.5,1.5 0 0,1 9,12A1.5,1.5 0 0,1 7.5,13.5A1.5,1.5 0 0,1 6,12A1.5,1.5 0 0,1 7.5,10.5M16.5,10.5A1.5,1.5 0 0,1 18,12A1.5,1.5 0 0,1 16.5,13.5A1.5,1.5 0 0,1 15,12A1.5,1.5 0 0,1 16.5,10.5Z"
            />
          </svg>
          <span
            class="margin-left-small"
          >
            Queued to start
          </span>
        </div>
      </div>
      <button
        class="MuiButtonBase-root MuiButton-root MuiButton-contained MuiButton-containedPrimary MuiButton-sizeMedium MuiButton-containedSizeMedium MuiButton-colorPrimary MuiButton-root MuiButton-contained MuiButton-containedPrimary MuiButton-sizeMedium MuiButton-containedSizeMedium MuiButton-colorPrimary emotion-2"
        tabindex="0"
        type="button"
      >
        View details
        <span
          class="MuiTouchRipple-root emotion-3"
        />
      </button>
    </div>
  </div>
  <div
    class="flexbox"
  >
    <div
      class="loaderContainer shrunk"
    >
      <div
        class="small  loader"
      >
        <span
          class="dot dot_1"
        />
        <span
          class="dot dot_2"
        />
        <span
          class="dot dot_3"
        />
        <span
          class="dot dot_4"
        />
      </div>
    </div>
  </div>
</div>
`;
