// Jest Snapshot v1, https://goo.gl/fbAQLP

exports[`Deployments Component renders correctly 1`] = `
<div
  class="margin-left-small margin-top"
  style="max-width: 80vw;"
>
  <div
    class="flexbox space-between"
  >
    <div
      class="MuiTabs-root"
    >
      <div
        class="MuiTabs-scroller MuiTabs-fixed"
        style="overflow: hidden;"
      >
        <div
          class="MuiTabs-flexContainer"
          role="tablist"
        >
          <a
            aria-disabled="false"
            aria-selected="true"
            class="MuiButtonBase-root MuiTab-root MuiTab-textColorInherit Mui-selected"
            href="/deployments/active"
            role="tab"
            tabindex="0"
          >
            <span
              class="MuiTab-wrapper"
            >
              Active
            </span>
            <span
              class="MuiTouchRipple-root"
            />
          </a>
          <a
            aria-disabled="false"
            aria-selected="false"
            class="MuiButtonBase-root MuiTab-root MuiTab-textColorInherit"
            href="/deployments/scheduled"
            role="tab"
            tabindex="-1"
          >
            <span
              class="MuiTab-wrapper"
            >
              Scheduled
            </span>
            <span
              class="MuiTouchRipple-root"
            />
          </a>
          <a
            aria-disabled="false"
            aria-selected="false"
            class="MuiButtonBase-root MuiTab-root MuiTab-textColorInherit"
            href="/deployments/finished"
            role="tab"
            tabindex="-1"
          >
            <span
              class="MuiTab-wrapper"
            >
              Finished
            </span>
            <span
              class="MuiTouchRipple-root"
            />
          </a>
        </div>
        <span
          class="PrivateTabIndicator-root-1 PrivateTabIndicator-colorSecondary-3 MuiTabs-indicator"
          style="left: 0px; width: 0px;"
        />
      </div>
    </div>
    <button
      class="MuiButtonBase-root MuiButton-root MuiButton-contained MuiButton-containedSecondary"
      style="height: 100%;"
      tabindex="0"
      type="button"
    >
      <span
        class="MuiButton-label"
      >
        Create a deployment
      </span>
      <span
        class="MuiTouchRipple-root"
      />
    </button>
  </div>
  <div
    class="fadeIn"
  />
</div>
`;
