// Jest Snapshot v1, https://goo.gl/fbAQLP

exports[`renders correctly 1`] = `
<div
  className="relative"
  style={
    Object {
      "marginTop": "-15px",
    }
  }
>
  <button
    className="MuiButtonBase-root-27 MuiButton-root-1 MuiButton-contained-12 MuiButton-containedSecondary-14 MuiButton-raised-15 MuiButton-raisedSecondary-17 top-right-button"
    disabled={false}
    onBlur={[Function]}
    onClick={[Function]}
    onContextMenu={[Function]}
    onFocus={[Function]}
    onKeyDown={[Function]}
    onKeyUp={[Function]}
    onMouseDown={[Function]}
    onMouseLeave={[Function]}
    onMouseUp={[Function]}
    onTouchEnd={[Function]}
    onTouchMove={[Function]}
    onTouchStart={[Function]}
    style={
      Object {
        "position": "absolute",
      }
    }
    tabIndex="0"
    type="button"
  >
    <span
      className="MuiButton-label-2"
    >
      Create a deployment
    </span>
    <span
      className="MuiTouchRipple-root-70"
    />
  </button>
  <div
    className="MuiTabs-root-30"
    style={
      Object {
        "display": "inline-block",
      }
    }
  >
    <div
      className="MuiTabs-flexContainer-31"
    >
      <div
        className="MuiTabs-scroller-33 MuiTabs-fixed-34"
        onScroll={[Function]}
        role="tablist"
        style={
          Object {
            "marginBottom": 0,
          }
        }
      >
        <div
          className="MuiTabs-flexContainer-31"
        >
          <a
            aria-selected={true}
            className="MuiButtonBase-root-27 MuiTab-root-39 MuiTab-textColorInherit-41 MuiTab-selected-44"
            href="/deployments/active"
            onBlur={[Function]}
            onClick={[Function]}
            onContextMenu={[Function]}
            onFocus={[Function]}
            onKeyDown={[Function]}
            onKeyUp={[Function]}
            onMouseDown={[Function]}
            onMouseLeave={[Function]}
            onMouseUp={[Function]}
            onTouchEnd={[Function]}
            onTouchMove={[Function]}
            onTouchStart={[Function]}
            role="tab"
            tabIndex="0"
          >
            <span
              className="MuiTab-wrapper-47"
            >
              <span
                className="MuiTab-labelContainer-48"
              >
                <span
                  className="MuiTab-label-49"
                >
                  Active
                </span>
              </span>
            </span>
            <span
              className="MuiTouchRipple-root-70"
            />
          </a>
          <a
            aria-selected={false}
            className="MuiButtonBase-root-27 MuiTab-root-39 MuiTab-textColorInherit-41"
            href="/deployments/finished"
            onBlur={[Function]}
            onClick={[Function]}
            onContextMenu={[Function]}
            onFocus={[Function]}
            onKeyDown={[Function]}
            onKeyUp={[Function]}
            onMouseDown={[Function]}
            onMouseLeave={[Function]}
            onMouseUp={[Function]}
            onTouchEnd={[Function]}
            onTouchMove={[Function]}
            onTouchStart={[Function]}
            role="tab"
            tabIndex="0"
          >
            <span
              className="MuiTab-wrapper-47"
            >
              <span
                className="MuiTab-labelContainer-48"
              >
                <span
                  className="MuiTab-label-49"
                >
                  Finished
                </span>
              </span>
            </span>
            <span
              className="MuiTouchRipple-root-70"
            />
          </a>
        </div>
        <span
          className="MuiPrivateTabIndicator-root-51 MuiPrivateTabIndicator-colorSecondary-53 MuiTabs-indicator-38"
          style={
            Object {
              "left": 0,
              "width": 0,
            }
          }
        />
      </div>
    </div>
  </div>
  <div
    className="margin-top"
  >
    <div
      className="fadeIn"
    >
      <div
        className="deploy-table-contain"
      >
        <div
          className="loaderContainer"
        >
          <div
            className="loader"
          >
            <span
              className="dot dot_1"
            />
            <span
              className="dot dot_2"
            />
            <span
              className="dot dot_3"
            />
            <span
              className="dot dot_4"
            />
          </div>
        </div>
        <div
          className="hidden"
        >
          <p>
            Pending and ongoing deployments will appear here. 
          </p>
          <p>
            <a
              onClick={[Function]}
            >
              Create a deployment
            </a>
             to get started
          </p>
          <img
            alt="In progress"
            src="assets/img/deployments.png"
          />
        </div>
      </div>
    </div>
  </div>
</div>
`;
