// Jest Snapshot v1, https://goo.gl/fbAQLP

exports[`renders correctly 1`] = `
<div>
  <h4
    className="dashboard-header"
  >
    <span>
      Devices
    </span>
  </h4>
  <div
    style={
      Object {
        "marginBottom": "30px",
        "marginTop": "50px",
      }
    }
  >
    <div
      className="notActive widget "
      onClick={[Function]}
    >
      <div
        style={
          Object {
            "display": "flex",
            "flexDirection": "column",
            "height": "100%",
            "width": "100%",
          }
        }
      >
        <div
          className="widgetMainContent align-right"
          style={
            Object {
              "alignItems": "flex-end",
              "display": "flex",
              "flexDirection": "column",
            }
          }
        >
          <div
            className="header"
          >
            Accepted devices
          </div>
          <div
            className="counter"
          >
            0
          </div>
        </div>
        <span
          className="link"
        />
      </div>
    </div>
    <div
      className="onboard widget"
      onClick={[Function]}
    >
      <div>
        <p
          className=""
        >
          Learn how to connect a device
        </p>
      </div>
      <a
        aria-disabled={false}
        className="MuiButtonBase-root MuiButton-root MuiButton-text"
        href="/devices"
        onBlur={[Function]}
        onClick={[Function]}
        onDragLeave={[Function]}
        onFocus={[Function]}
        onKeyDown={[Function]}
        onKeyUp={[Function]}
        onMouseDown={[Function]}
        onMouseLeave={[Function]}
        onMouseUp={[Function]}
        onTouchEnd={[Function]}
        onTouchMove={[Function]}
        onTouchStart={[Function]}
        role="button"
        tabIndex={0}
      >
        <span
          className="MuiButton-label"
        >
          Connect a device
        </span>
        <span
          className="MuiTouchRipple-root"
        />
      </a>
    </div>
  </div>
</div>
`;
