// Jest Snapshot v1, https://goo.gl/fbAQLP

exports[`Devices Component renders correctly 1`] = `
.emotion-0 {
  color: rgba(0, 0, 0, 0.38);
  margin: 15px 0;
}

.emotion-1 {
  gap: 8px;
}

.emotion-2 {
  -webkit-user-select: none;
  -moz-user-select: none;
  -ms-user-select: none;
  user-select: none;
  width: 1em;
  height: 1em;
  display: inline-block;
  fill: currentColor;
  -webkit-flex-shrink: 0;
  -ms-flex-negative: 0;
  flex-shrink: 0;
  -webkit-transition: fill 200ms cubic-bezier(0.4, 0, 0.2, 1) 0ms;
  transition: fill 200ms cubic-bezier(0.4, 0, 0.2, 1) 0ms;
  font-size: 1.1607rem;
}

.emotion-2 iconButton {
  margin-right: 8px;
}

<div>
  <div
    class="flexbox centered"
  >
    <p
      class="emotion-0 icon flexbox center-aligned emotion-1 "
    >
      <svg
        aria-hidden="true"
        class="MuiSvgIcon-root MuiSvgIcon-fontSizeSmall emotion-2"
        data-testid="InfoOutlinedIcon"
        focusable="false"
        viewBox="0 0 24 24"
      >
        <path
          d="M11 7h2v2h-2zm0 4h2v6h-2zm1-9C6.48 2 2 6.48 2 12s4.48 10 10 10 10-4.48 10-10S17.52 2 12 2zm0 18c-4.41 0-8-3.59-8-8s3.59-8 8-8 8 3.59 8 8-3.59 8-8 8z"
        />
      </svg>
      <span>
        With a more advanced commercial Mender plan you get access to actionable insights into the devices you are updating with Mender. Get an overview of the Mender plans on the 
        <a
          href="https://mender.io/plans/features"
          rel="noopener noreferrer"
          target="_blank"
        >
          features page
        </a>
        .
      </span>
    </p>
  </div>
</div>
`;

exports[`Devices Component renders correctly for enterprise 1`] = `
.emotion-0 {
  line-height: 1.4375em;
  font-family: Lato,sans-serif;
  font-weight: 400;
  font-size: 0.9286rem;
  color: rgba(10, 10, 11, 0.78);
  box-sizing: border-box;
  position: relative;
  cursor: text;
  display: -webkit-inline-box;
  display: -webkit-inline-flex;
  display: -ms-inline-flexbox;
  display: inline-flex;
  -webkit-align-items: center;
  -webkit-box-align: center;
  -ms-flex-align: center;
  align-items: center;
  position: relative;
}

.emotion-0.Mui-disabled {
  color: rgba(0, 0, 0, 0.38);
  cursor: default;
}

.emotion-0:after {
  border-bottom: 2px solid #337a87;
  left: 0;
  bottom: 0;
  content: "";
  position: absolute;
  right: 0;
  -webkit-transform: scaleX(0);
  -moz-transform: scaleX(0);
  -ms-transform: scaleX(0);
  transform: scaleX(0);
  -webkit-transition: -webkit-transform 200ms cubic-bezier(0.0, 0, 0.2, 1) 0ms;
  transition: transform 200ms cubic-bezier(0.0, 0, 0.2, 1) 0ms;
  pointer-events: none;
}

.emotion-0.Mui-focused:after {
  -webkit-transform: scaleX(1) translateX(0);
  -moz-transform: scaleX(1) translateX(0);
  -ms-transform: scaleX(1) translateX(0);
  transform: scaleX(1) translateX(0);
}

.emotion-0.Mui-error:before,
.emotion-0.Mui-error:after {
  border-bottom-color: #ab1000;
}

.emotion-0:before {
  border-bottom: 1px solid rgba(0, 0, 0, 0.42);
  left: 0;
  bottom: 0;
  content: "\\00a0";
  position: absolute;
  right: 0;
  -webkit-transition: border-bottom-color 200ms cubic-bezier(0.4, 0, 0.2, 1) 0ms;
  transition: border-bottom-color 200ms cubic-bezier(0.4, 0, 0.2, 1) 0ms;
  pointer-events: none;
}

.emotion-0:hover:not(.Mui-disabled, .Mui-error):before {
  border-bottom: 2px solid rgba(10, 10, 11, 0.78);
}

@media (hover: none) {
  .emotion-0:hover:not(.Mui-disabled, .Mui-error):before {
    border-bottom: 1px solid rgba(0, 0, 0, 0.42);
  }
}

.emotion-0.Mui-disabled:before {
  border-bottom-style: dotted;
}

.emotion-0:before {
  border-bottom: 1px solid rgb(224, 224, 224);
}

.emotion-0:hover:not($disabled):before {
  border-bottom: 2px solid #337a87!important;
}

.emotion-0:after {
  border-bottom: 2px solid #337a87;
}

.emotion-1 {
  -moz-appearance: none;
  -webkit-appearance: none;
  -webkit-user-select: none;
  -moz-user-select: none;
  -ms-user-select: none;
  user-select: none;
  border-radius: 0;
  cursor: pointer;
  font: inherit;
  letter-spacing: inherit;
  color: currentColor;
  padding: 4px 0 5px;
  border: 0;
  box-sizing: content-box;
  background: none;
  height: 1.4375em;
  margin: 0;
  -webkit-tap-highlight-color: transparent;
  display: block;
  min-width: 0;
  width: 100%;
  -webkit-animation-name: mui-auto-fill-cancel;
  animation-name: mui-auto-fill-cancel;
  -webkit-animation-duration: 10ms;
  animation-duration: 10ms;
}

.emotion-1:focus {
  background-color: rgba(0, 0, 0, 0.05);
  border-radius: 0;
}

.emotion-1::-ms-expand {
  display: none;
}

.emotion-1.Mui-disabled {
  cursor: default;
}

.emotion-1[multiple] {
  height: auto;
}

.emotion-1:not([multiple]) option,
.emotion-1:not([multiple]) optgroup {
  background-color: #fff;
}

.emotion-1.emotion-1.emotion-1 {
  padding-right: 24px;
  min-width: 16px;
}

.emotion-1.MuiSelect-select {
  height: auto;
  min-height: 1.4375em;
  text-overflow: ellipsis;
  white-space: nowrap;
  overflow: hidden;
}

.emotion-1::-webkit-input-placeholder {
  color: currentColor;
  opacity: 0.42;
  -webkit-transition: opacity 200ms cubic-bezier(0.4, 0, 0.2, 1) 0ms;
  transition: opacity 200ms cubic-bezier(0.4, 0, 0.2, 1) 0ms;
}

.emotion-1::-moz-placeholder {
  color: currentColor;
  opacity: 0.42;
  -webkit-transition: opacity 200ms cubic-bezier(0.4, 0, 0.2, 1) 0ms;
  transition: opacity 200ms cubic-bezier(0.4, 0, 0.2, 1) 0ms;
}

.emotion-1:-ms-input-placeholder {
  color: currentColor;
  opacity: 0.42;
  -webkit-transition: opacity 200ms cubic-bezier(0.4, 0, 0.2, 1) 0ms;
  transition: opacity 200ms cubic-bezier(0.4, 0, 0.2, 1) 0ms;
}

.emotion-1::-ms-input-placeholder {
  color: currentColor;
  opacity: 0.42;
  -webkit-transition: opacity 200ms cubic-bezier(0.4, 0, 0.2, 1) 0ms;
  transition: opacity 200ms cubic-bezier(0.4, 0, 0.2, 1) 0ms;
}

.emotion-1:focus {
  outline: 0;
}

.emotion-1:invalid {
  box-shadow: none;
}

.emotion-1::-webkit-search-decoration {
  -webkit-appearance: none;
}

label[data-shrink=false]+.MuiInputBase-formControl .emotion-1::-webkit-input-placeholder {
  opacity: 0!important;
}

label[data-shrink=false]+.MuiInputBase-formControl .emotion-1::-moz-placeholder {
  opacity: 0!important;
}

label[data-shrink=false]+.MuiInputBase-formControl .emotion-1:-ms-input-placeholder {
  opacity: 0!important;
}

label[data-shrink=false]+.MuiInputBase-formControl .emotion-1::-ms-input-placeholder {
  opacity: 0!important;
}

label[data-shrink=false]+.MuiInputBase-formControl .emotion-1:focus::-webkit-input-placeholder {
  opacity: 0.42;
}

label[data-shrink=false]+.MuiInputBase-formControl .emotion-1:focus::-moz-placeholder {
  opacity: 0.42;
}

label[data-shrink=false]+.MuiInputBase-formControl .emotion-1:focus:-ms-input-placeholder {
  opacity: 0.42;
}

label[data-shrink=false]+.MuiInputBase-formControl .emotion-1:focus::-ms-input-placeholder {
  opacity: 0.42;
}

.emotion-1.Mui-disabled {
  opacity: 1;
  -webkit-text-fill-color: rgba(0, 0, 0, 0.38);
}

.emotion-1:-webkit-autofill {
  -webkit-animation-duration: 5000s;
  animation-duration: 5000s;
  -webkit-animation-name: mui-auto-fill;
  animation-name: mui-auto-fill;
}

.emotion-2 {
  bottom: 0;
  left: 0;
  position: absolute;
  opacity: 0;
  pointer-events: none;
  width: 100%;
  box-sizing: border-box;
}

.emotion-3 {
  -webkit-user-select: none;
  -moz-user-select: none;
  -ms-user-select: none;
  user-select: none;
  width: 1em;
  height: 1em;
  display: inline-block;
  fill: currentColor;
  -webkit-flex-shrink: 0;
  -ms-flex-negative: 0;
  flex-shrink: 0;
  -webkit-transition: fill 200ms cubic-bezier(0.4, 0, 0.2, 1) 0ms;
  transition: fill 200ms cubic-bezier(0.4, 0, 0.2, 1) 0ms;
  font-size: 1.3929rem;
  position: absolute;
  right: 0;
  top: calc(50% - .5em);
  pointer-events: none;
  color: rgba(0, 0, 0, 0.54);
}

.emotion-3 iconButton {
  margin-right: 8px;
}

.emotion-3.Mui-disabled {
  color: rgba(0, 0, 0, 0.26);
}

.emotion-4 {
  min-height: 30px;
}

.emotion-4 .MuiSvgIcon-root {
  margin-left: 8px;
}

.emotion-5 {
  -webkit-user-select: none;
  -moz-user-select: none;
  -ms-user-select: none;
  user-select: none;
  width: 1em;
  height: 1em;
  display: inline-block;
  fill: currentColor;
  -webkit-flex-shrink: 0;
  -ms-flex-negative: 0;
  flex-shrink: 0;
  -webkit-transition: fill 200ms cubic-bezier(0.4, 0, 0.2, 1) 0ms;
  transition: fill 200ms cubic-bezier(0.4, 0, 0.2, 1) 0ms;
  font-size: 1.3929rem;
}

.emotion-5 iconButton {
  margin-right: 8px;
}

.emotion-6 {
  display: -webkit-inline-box;
  display: -webkit-inline-flex;
  display: -ms-inline-flexbox;
  display: inline-flex;
  -webkit-align-items: center;
  -webkit-box-align: center;
  -ms-flex-align: center;
  align-items: center;
  -webkit-box-pack: center;
  -ms-flex-pack: center;
  -webkit-justify-content: center;
  justify-content: center;
  position: relative;
  box-sizing: border-box;
  -webkit-tap-highlight-color: transparent;
  background-color: transparent;
  outline: 0;
  border: 0;
  margin: 0;
  border-radius: 0;
  padding: 0;
  cursor: pointer;
  -webkit-user-select: none;
  -moz-user-select: none;
  -ms-user-select: none;
  user-select: none;
  vertical-align: middle;
  -moz-appearance: none;
  -webkit-appearance: none;
  -webkit-text-decoration: none;
  text-decoration: none;
  color: inherit;
  text-align: center;
  -webkit-flex: 0 0 auto;
  -ms-flex: 0 0 auto;
  flex: 0 0 auto;
  font-size: 1.3929rem;
  padding: 8px;
  border-radius: 50%;
  overflow: visible;
  color: rgba(0, 0, 0, 0.54);
  -webkit-transition: background-color 150ms cubic-bezier(0.4, 0, 0.2, 1) 0ms;
  transition: background-color 150ms cubic-bezier(0.4, 0, 0.2, 1) 0ms;
  padding: 5px;
  font-size: 1.0446rem;
  font-size: 1.2rem;
  color: rgba(0, 0, 0, 0.54);
}

.emotion-6::-moz-focus-inner {
  border-style: none;
}

.emotion-6.Mui-disabled {
  pointer-events: none;
  cursor: default;
}

@media print {
  .emotion-6 {
    -webkit-print-color-adjust: exact;
    color-adjust: exact;
  }
}

.emotion-6:hover {
  background-color: rgba(0, 0, 0, 0.04);
}

@media (hover: none) {
  .emotion-6:hover {
    background-color: transparent;
  }
}

.emotion-6.Mui-disabled {
  background-color: transparent;
  color: rgba(0, 0, 0, 0.26);
}

.emotion-7 {
  -webkit-user-select: none;
  -moz-user-select: none;
  -ms-user-select: none;
  user-select: none;
  width: 1em;
  height: 1em;
  display: inline-block;
  fill: currentColor;
  -webkit-flex-shrink: 0;
  -ms-flex-negative: 0;
  flex-shrink: 0;
  -webkit-transition: fill 200ms cubic-bezier(0.4, 0, 0.2, 1) 0ms;
  transition: fill 200ms cubic-bezier(0.4, 0, 0.2, 1) 0ms;
  font-size: 1.1607rem;
}

.emotion-7 iconButton {
  margin-right: 8px;
}

.emotion-8 {
  overflow: hidden;
  pointer-events: none;
  position: absolute;
  z-index: 0;
  top: 0;
  right: 0;
  bottom: 0;
  left: 0;
  border-radius: inherit;
}

.emotion-12 {
  display: grid;
  grid-template-columns: 200px 1fr;
  -webkit-column-gap: 16px;
  column-gap: 16px;
  margin-bottom: 16px;
}

.emotion-12>.flexbox.column>* {
  height: 20px;
}

.emotion-12 .barchart .MuiLinearProgress-root {
  background-color: #f7f7f7;
}

.emotion-12 .barchart .color-f7f7f7 .MuiLinearProgress-barColorPrimary {
  background-color: #f7f7f7;
}

.emotion-12 .barchart .color-337a87 .MuiLinearProgress-barColorPrimary {
  background-color: #337a87;
}

.emotion-12 .barchart .color-a31773 .MuiLinearProgress-barColorPrimary {
  background-color: #a31773;
}

.emotion-12 .barchart .color-00859e .MuiLinearProgress-barColorPrimary {
  background-color: #00859e;
}

.emotion-12 .barchart .color-14cfda .MuiLinearProgress-barColorPrimary {
  background-color: #14cfda;
}

.emotion-12 .barchart .color-9bfff0 .MuiLinearProgress-barColorPrimary {
  background-color: #9bfff0;
}

.emotion-12 .barchart .color-d5d5d5 .MuiLinearProgress-barColorPrimary {
  background-color: #d5d5d5;
}

.emotion-13 {
  -webkit-align-items: center;
  -webkit-box-align: center;
  -ms-flex-align: center;
  align-items: center;
  display: grid;
  grid-template-columns: 1fr max-content;
  -webkit-column-gap: 16px;
  column-gap: 16px;
}

.emotion-13.indicating {
  grid-template-columns: min-content 1fr max-content;
  -webkit-column-gap: 8px;
  column-gap: 8px;
}

.emotion-15 {
  position: relative;
  overflow: hidden;
  display: block;
  height: 4px;
  z-index: 0;
  background-color: rgb(177, 204, 209);
}

@media print {
  .emotion-15 {
    -webkit-print-color-adjust: exact;
    color-adjust: exact;
  }
}

.emotion-16 {
  width: 100%;
  position: absolute;
  left: 0;
  bottom: 0;
  top: 0;
  -webkit-transition: -webkit-transform .4s linear;
  transition: transform .4s linear;
  transform-origin: left;
  background-color: #337a87;
}

.emotion-19 {
  font-size: 1rem;
  cursor: pointer;
}

<div>
  <div
    class="dashboard margin-bottom-large"
  >
    <span>
      <div
        class="flexbox center-aligned space-between"
      >
        <h4>
          Device locations
        </h4>
        <div
          class="MuiInputBase-root MuiInput-root MuiInput-underline MuiInputBase-colorPrimary  emotion-0"
        >
          <div
            aria-expanded="false"
            aria-haspopup="listbox"
            aria-labelledby="group-selection-label"
            class="MuiSelect-select MuiSelect-standard MuiInputBase-input MuiInput-input emotion-1"
            role="button"
            tabindex="0"
          >
            All devices
          </div>
          <input
            aria-hidden="true"
            aria-invalid="false"
            class="MuiSelect-nativeInput emotion-2"
            tabindex="-1"
            value="All devices"
          />
          <svg
            aria-hidden="true"
            class="MuiSvgIcon-root MuiSvgIcon-fontSizeMedium MuiSelect-icon MuiSelect-iconStandard emotion-3"
            data-testid="ArrowDropDownIcon"
            focusable="false"
            viewBox="0 0 24 24"
          >
            <path
              d="M7 10l5 5 5-5z"
            />
          </svg>
        </div>
      </div>
      <div
        class="markercluster-map leaflet-container leaflet-touch leaflet-grab leaflet-touch-drag leaflet-touch-zoom"
        style="width: 600px; height: 400px; position: relative;"
        tabindex="0"
      >
        <div
          class="leaflet-pane leaflet-map-pane"
          style="left: 0px; top: 0px;"
        >
          <div
            class="leaflet-pane leaflet-tile-pane"
          >
            <div
              class="leaflet-layer "
              style="z-index: 1;"
            >
              <div
                class="leaflet-tile-container leaflet-zoom-animated"
                style="z-index: 18; left: 0px; top: 0px;"
              >
                <img
                  alt=""
                  class="leaflet-tile"
                  src="https://c.tile.openstreetmap.org/10/542/297.png"
                  style="width: 256px; height: 256px; left: -140px; top: -221px;"
                />
              </div>
            </div>
          </div>
          <div
            class="leaflet-pane leaflet-overlay-pane"
          />
          <div
            class="leaflet-pane leaflet-shadow-pane"
          />
          <div
            class="leaflet-pane leaflet-marker-pane"
          />
          <div
            class="leaflet-pane leaflet-tooltip-pane"
          />
          <div
            class="leaflet-pane leaflet-popup-pane"
          />
        </div>
        <div
          class="leaflet-control-container"
        >
          <div
            class="leaflet-top leaflet-left"
          />
          <div
            class="leaflet-top leaflet-right"
          />
          <div
            class="leaflet-bottom leaflet-left"
          />
          <div
            class="leaflet-bottom leaflet-right"
          >
            <div
              class="leaflet-control-zoom leaflet-bar leaflet-control"
            >
              <a
                aria-disabled="false"
                aria-label="Zoom in"
                class="leaflet-control-zoom-in"
                href="#"
                role="button"
                title="Zoom in"
              >
                <span
                  aria-hidden="true"
                >
                  +
                </span>
              </a>
              <a
                aria-disabled="false"
                aria-label="Zoom out"
                class="leaflet-control-zoom-out"
                href="#"
                role="button"
                title="Zoom out"
              >
                <span
                  aria-hidden="true"
                >
                  −
                </span>
              </a>
            </div>
            <div
              class="leaflet-control-attribution leaflet-control"
            />
          </div>
        </div>
      </div>
    </span>
    <div
      class="widget chart-widget"
    >
      <div
        class="margin-bottom-small"
      >
        <div
          class="flexbox space-between margin-bottom-small"
        >
          <div
            class="flexbox center-aligned emotion-4"
          >
            Software distribution
            <svg
              aria-hidden="true"
              class="MuiSvgIcon-root MuiSvgIcon-fontSizeMedium emotion-5"
              data-testid="BarChartIcon"
              focusable="false"
              viewBox="0 0 24 24"
            >
              <path
                d="M4 9h4v11H4zm12 4h4v7h-4zm-6-9h4v16h-4z"
              />
            </svg>
          </div>
          <div
            class="flexbox center-aligned"
            style="z-index: 1;"
          >
            <button
              class="MuiButtonBase-root MuiIconButton-root MuiIconButton-sizeSmall emotion-6"
              tabindex="0"
              type="button"
            >
              <svg
                aria-hidden="true"
                class="MuiSvgIcon-root MuiSvgIcon-fontSizeSmall emotion-7"
                data-testid="SettingsIcon"
                focusable="false"
                viewBox="0 0 24 24"
              >
                <path
                  d="M19.14 12.94c.04-.3.06-.61.06-.94 0-.32-.02-.64-.07-.94l2.03-1.58c.18-.14.23-.41.12-.61l-1.92-3.32c-.12-.22-.37-.29-.59-.22l-2.39.96c-.5-.38-1.03-.7-1.62-.94l-.36-2.54c-.04-.24-.24-.41-.48-.41h-3.84c-.24 0-.43.17-.47.41l-.36 2.54c-.59.24-1.13.57-1.62.94l-2.39-.96c-.22-.08-.47 0-.59.22L2.74 8.87c-.12.21-.08.47.12.61l2.03 1.58c-.05.3-.09.63-.09.94s.02.64.07.94l-2.03 1.58c-.18.14-.23.41-.12.61l1.92 3.32c.12.22.37.29.59.22l2.39-.96c.5.38 1.03.7 1.62.94l.36 2.54c.05.24.24.41.48.41h3.84c.24 0 .44-.17.47-.41l.36-2.54c.59-.24 1.13-.56 1.62-.94l2.39.96c.22.08.47 0 .59-.22l1.92-3.32c.12-.22.07-.47-.12-.61l-2.01-1.58zM12 15.6c-1.98 0-3.6-1.62-3.6-3.6s1.62-3.6 3.6-3.6 3.6 1.62 3.6 3.6-1.62 3.6-3.6 3.6z"
                />
              </svg>
              <span
                class="MuiTouchRipple-root emotion-8"
              />
            </button>
            <button
              class="MuiButtonBase-root MuiIconButton-root MuiIconButton-sizeSmall emotion-6"
              tabindex="0"
              type="button"
            >
              <svg
                aria-hidden="true"
                class="MuiSvgIcon-root MuiSvgIcon-fontSizeSmall emotion-7"
                data-testid="ClearIcon"
                focusable="false"
                viewBox="0 0 24 24"
              >
                <path
                  d="M19 6.41 17.59 5 12 10.59 6.41 5 5 6.41 10.59 12 5 17.59 6.41 19 12 13.41 17.59 19 19 17.59 13.41 12z"
                />
              </svg>
              <span
                class="MuiTouchRipple-root emotion-8"
              />
            </button>
          </div>
        </div>
        <div
          class="flexbox space-between slightly-smaller"
        >
          <div>
            artifact_name
          </div>
          <div>
            All devices
          </div>
        </div>
      </div>
      <div
        class="emotion-12"
      >
        <div
          class="flexbox column"
        >
          <div
            class="clickable emotion-13 "
            title="undefined"
          >
            <div
              class="text-overflow"
            >
              undefined
            </div>
            <div>
              1
            </div>
          </div>
          <div
            class="clickable emotion-13 "
            title="raspotifyInstaller"
          >
            <div
              class="text-overflow"
            >
              raspotifyInstaller
            </div>
            <div>
              1
            </div>
          </div>
        </div>
        <div
          class="flexbox column"
        >
          <div
            class="clickable flexbox column barchart"
            style="justify-content: center;"
            title="undefined"
          >
            <span
              aria-valuemax="100"
              aria-valuemin="0"
              aria-valuenow="0"
              class="MuiLinearProgress-root MuiLinearProgress-colorPrimary MuiLinearProgress-determinate color-a31773 emotion-15"
              role="progressbar"
              style="height: 8px;"
            >
              <span
                class="MuiLinearProgress-bar MuiLinearProgress-barColorPrimary MuiLinearProgress-bar1Determinate emotion-16"
                style="transform: translateX(-100%);"
              />
            </span>
          </div>
          <div
            class="clickable flexbox column barchart"
            style="justify-content: center;"
            title="raspotifyInstaller"
          >
            <span
              aria-valuemax="100"
              aria-valuemin="0"
              aria-valuenow="0"
              class="MuiLinearProgress-root MuiLinearProgress-colorPrimary MuiLinearProgress-determinate color-337a87 emotion-15"
              role="progressbar"
              style="height: 8px;"
            >
              <span
                class="MuiLinearProgress-bar MuiLinearProgress-barColorPrimary MuiLinearProgress-bar1Determinate emotion-16"
                style="transform: translateX(-100%);"
              />
            </span>
          </div>
        </div>
      </div>
    </div>
    <div
      class="widget"
    >
      <div />
      <div
        class="flexbox centered muted emotion-19"
      >
        <svg
          aria-hidden="true"
          class="MuiSvgIcon-root MuiSvgIcon-fontSizeMedium emotion-5"
          data-testid="AddIcon"
          focusable="false"
          viewBox="0 0 24 24"
        >
          <path
            d="M19 13h-6v6h-2v-6H5v-2h6V5h2v6h6v2z"
          />
        </svg>
        <span
          class="emotion-19"
        >
          add a widget
        </span>
      </div>
    </div>
  </div>
</div>
`;
