// Jest Snapshot v1, https://goo.gl/fbAQLP

exports[`renders correctly 1`] = `
<table
  className="MuiTable-root"
>
  <thead
    className="MuiTableHead-root"
    style={Object {}}
  >
    <tr
      className="MuiTableRow-root MuiTableRow-head"
    >
      <th
        aria-sort={null}
        className="MuiTableCell-root MuiTableCell-head"
        scope="col"
        style={
          Object {
            "width": "400px",
          }
        }
      >
        Public key
      </th>
      <th
        aria-sort={null}
        className="MuiTableCell-root MuiTableCell-head"
        scope="col"
      >
        Request time
      </th>
      <th
        aria-sort={null}
        className="MuiTableCell-root MuiTableCell-head"
        scope="col"
      >
        Status
      </th>
      <th
        aria-sort={null}
        className="MuiTableCell-root MuiTableCell-head"
        scope="col"
      >
        Actions
      </th>
      <th
        aria-sort={null}
        className="MuiTableCell-root columnHeader MuiTableCell-head"
        scope="col"
        style={
          Object {
            "paddingLeft": "0",
            "paddingRight": "0",
            "width": "0px",
          }
        }
      />
    </tr>
  </thead>
  <tbody
    className="MuiTableBody-root"
  />
</table>
`;
