// Jest Snapshot v1, https://goo.gl/fbAQLP

exports[`renders correctly 1`] = `
<div
  onClick={[Function]}
>
  <li
    className="MuiListItem-root-1 attributes MuiListItem-default-4 MuiListItem-gutters-9 MuiListItem-disabled-7 opaque"
    disabled={true}
  >
    <div
      className="MuiListItemText-root-13"
    >
      <div
        className="MuiTypography-root-19 MuiTypography-body1-28 MuiTypography-colorTextSecondary-52 MuiListItemText-secondary-17"
      >
        <div>
          <span
            className=" "
            style={Object {}}
          />
           
        </div>
      </div>
    </div>
  </li>
  <hr
    className="MuiDivider-root-55"
  />
</div>
`;
