// Jest Snapshot v1, https://goo.gl/fbAQLP

exports[`renders correctly 1`] = `
<div
  onClick={[Function]}
>
  <li
    className="MuiListItem-root attributes MuiListItem-gutters Mui-disabled"
    disabled={true}
  >
    <div
      className="MuiListItemText-root"
    >
      <div
        className="MuiTypography-root MuiListItemText-secondary MuiTypography-body2 MuiTypography-colorTextSecondary"
      >
        <div>
          <span
            className=" "
            style={Object {}}
          />
           
        </div>
      </div>
    </div>
  </li>
  <hr
    className="MuiDivider-root"
  />
</div>
`;
