// Jest Snapshot v1, https://goo.gl/fbAQLP

exports[`renders correctly 1`] = `
<li
  className="MuiListItem-root-1 MuiListItem-default-4 MuiListItem-gutters-9 filterPair"
  disabled={false}
>
  <div
    className="MuiListItemText-root-13"
  >
    <span
      className="MuiTypography-root-19 MuiTypography-subheading-26 MuiListItemText-primary-16"
    >
      <div
        className="MuiFormControl-root-55"
      >
        <label
          className="MuiFormLabel-root-70 MuiFormLabel-filled-74 MuiInputLabel-root-59 MuiInputLabel-formControl-64 MuiInputLabel-animated-67 MuiInputLabel-shrink-66"
          data-shrink={true}
        >
          Filter by
        </label>
        <div
          className="MuiInputBase-root-97 MuiInput-root-84 MuiInput-underline-88 MuiInputBase-formControl-98 MuiInput-formControl-85 MuiInputBase-adornedEnd-102"
          onClick={[Function]}
        >
          <div
            className="MuiSelect-root-77"
          >
            <div
              aria-haspopup="true"
              aria-pressed="false"
              className="MuiSelect-select-78 MuiSelect-selectMenu-81 MuiInputBase-input-107 MuiInput-input-92 MuiInputBase-inputAdornedEnd-113"
              onBlur={[Function]}
              onClick={[Function]}
              onFocus={[Function]}
              onKeyDown={[Function]}
              role="button"
              tabIndex={0}
            >
              testvalue
            </div>
            <input
              type="hidden"
              value="testkey"
            />
            <svg
              aria-hidden="true"
              className="MuiSvgIcon-root-114 MuiSelect-icon-83"
              focusable="false"
              role="presentation"
              viewBox="0 0 24 24"
            >
              <path
                d="M7 10l5 5 5-5z"
              />
            </svg>
          </div>
          <div
            className="MuiInputAdornment-root-127 MuiInputAdornment-positionEnd-130"
          >
            <button
              className="MuiButtonBase-root-138 MuiIconButton-root-132"
              disabled={false}
              onBlur={[Function]}
              onClick={[Function]}
              onContextMenu={[Function]}
              onFocus={[Function]}
              onKeyDown={[Function]}
              onKeyUp={[Function]}
              onMouseDown={[Function]}
              onMouseLeave={[Function]}
              onMouseUp={[Function]}
              onTouchEnd={[Function]}
              onTouchMove={[Function]}
              onTouchStart={[Function]}
              tabIndex="0"
              type="button"
            >
              <span
                className="MuiIconButton-label-137"
              >
                <svg
                  aria-hidden="true"
                  className="MuiSvgIcon-root-114"
                  focusable="false"
                  role="presentation"
                  viewBox="0 0 24 24"
                >
                  <path
                    d="M0 0h24v24H0z"
                    fill="none"
                  />
                  <path
                    d="M12 2C6.48 2 2 6.48 2 12s4.48 10 10 10 10-4.48 10-10S17.52 2 12 2zm5 11H7v-2h10v2z"
                  />
                </svg>
              </span>
              <span
                className="MuiTouchRipple-root-149"
              />
            </button>
          </div>
        </div>
      </div>
      <div
        className="MuiFormControl-root-55"
      >
        <label
          className="MuiFormLabel-root-70 MuiFormLabel-filled-74 MuiInputLabel-root-59 MuiInputLabel-formControl-64 MuiInputLabel-animated-67 MuiInputLabel-shrink-66"
          data-shrink={true}
          htmlFor="filter-undefined"
        >
          Value
        </label>
        <div
          className="MuiInputBase-root-97 MuiInput-root-84 MuiInput-underline-88 MuiInputBase-fullWidth-106 MuiInput-fullWidth-91 MuiInputBase-formControl-98 MuiInput-formControl-85"
          onClick={[Function]}
        >
          <input
            aria-invalid={false}
            className="MuiInputBase-input-107 MuiInput-input-92"
            disabled={false}
            id="filter-undefined"
            onBlur={[Function]}
            onChange={[Function]}
            onFocus={[Function]}
            placeholder="Value"
            required={false}
            type="text"
            value="testvalue"
          />
        </div>
        <p
          className="MuiFormHelperText-root-141 MuiFormHelperText-filled-147"
        />
      </div>
    </span>
  </div>
</li>
`;
