// Jest Snapshot v1, https://goo.gl/fbAQLP

exports[`renders correctly 1`] = `
<div>
  <div
    className="muted margin-bottom-small"
  >
    Groups
  </div>
  <ul
    className="MuiList-root MuiList-padding"
  >
    <div
      aria-disabled={false}
      className="MuiButtonBase-root MuiListItem-root grouplist MuiListItem-gutters MuiListItem-button"
      onBlur={[Function]}
      onClick={[Function]}
      onDragLeave={[Function]}
      onFocus={[Function]}
      onKeyDown={[Function]}
      onKeyUp={[Function]}
      onMouseDown={[Function]}
      onMouseLeave={[Function]}
      onMouseUp={[Function]}
      onTouchEnd={[Function]}
      onTouchMove={[Function]}
      onTouchStart={[Function]}
      role="button"
      style={
        Object {
          "backgroundColor": "#e7e7e7",
        }
      }
      tabIndex={0}
    >
      <div
        className="MuiListItemText-root"
      >
        <span
          className="MuiTypography-root MuiListItemText-primary MuiTypography-body1"
        >
          <span>
            All devices
          </span>
        </span>
      </div>
    </div>
    <hr
      className="MuiDivider-root"
    />
    <div
      aria-disabled={true}
      className="MuiButtonBase-root MuiListItem-root grouplist MuiListItem-gutters Mui-disabled MuiListItem-button Mui-disabled"
      onBlur={[Function]}
      onClick={null}
      onDragLeave={[Function]}
      onFocus={[Function]}
      onKeyDown={[Function]}
      onKeyUp={[Function]}
      onMouseDown={[Function]}
      onMouseLeave={[Function]}
      onMouseUp={[Function]}
      onTouchEnd={[Function]}
      onTouchMove={[Function]}
      onTouchStart={[Function]}
      role="button"
      style={
        Object {
          "color": "#d4e9e7",
        }
      }
      tabIndex={-1}
    >
      <div
        className="MuiListItemIcon-root"
      >
        <svg
          aria-hidden="true"
          className="MuiSvgIcon-root"
          focusable="false"
          role="presentation"
          viewBox="0 0 24 24"
        >
          <path
            d="M19 13h-6v6h-2v-6H5v-2h6V5h2v6h6v2z"
          />
        </svg>
      </div>
      <div
        className="MuiListItemText-root"
      >
        <span
          className="MuiTypography-root MuiListItemText-primary MuiTypography-body1"
        >
          Create a group
        </span>
      </div>
    </div>
  </ul>
</div>
`;
