// Jest Snapshot v1, https://goo.gl/fbAQLP

exports[`renders correctly 1`] = `
<div
  className="MuiFormControl-root"
>
  <label
    className="MuiFormLabel-root MuiInputLabel-root MuiInputLabel-formControl MuiInputLabel-animated"
    data-shrink={false}
    htmlFor="adornment-target-select"
  >
    test
  </label>
  <div
    className="MuiInputBase-root MuiInput-root MuiInput-underline MuiInputBase-formControl MuiInput-formControl"
    onClick={[Function]}
    style={
      Object {
        "minWidth": "250px",
      }
    }
  >
    <input
      aria-invalid={false}
      className="MuiInputBase-input MuiInput-input"
      disabled={false}
      id="adornment-target-select"
      onBlur={[Function]}
      onChange={[Function]}
      onFocus={[Function]}
      placeholder="test"
      required={false}
      type="text"
      value=""
    />
  </div>
</div>
`;
