// Jest Snapshot v1, https://goo.gl/fbAQLP

exports[`renders correctly 1`] = `
<div>
  <ul
    className="MuiList-root MuiList-padding"
    style={
      Object {
        "padding": "0",
      }
    }
  >
    <a
      aria-current="page"
      className="MuiListItem-root navLink leftNav MuiListItem-gutters active"
      disabled={false}
      href="/"
      onClick={[Function]}
      style={
        Object {
          "padding": "22px 16px 22px 42px",
        }
      }
    >
      <div
        className="MuiListItemText-root"
        style={
          Object {
            "textTransform": "uppercase",
          }
        }
      >
        <span
          className="MuiTypography-root MuiListItemText-primary MuiTypography-body1"
        >
          Dashboard
        </span>
      </div>
    </a>
    <a
      aria-current={null}
      className="MuiListItem-root navLink leftNav MuiListItem-gutters"
      disabled={false}
      href="/devices"
      onClick={[Function]}
      style={
        Object {
          "padding": "22px 16px 22px 42px",
        }
      }
    >
      <div
        className="MuiListItemText-root"
        style={
          Object {
            "textTransform": "uppercase",
          }
        }
      >
        <span
          className="MuiTypography-root MuiListItemText-primary MuiTypography-body1"
        >
          Devices
        </span>
      </div>
    </a>
    <a
      aria-current={null}
      className="MuiListItem-root navLink leftNav MuiListItem-gutters"
      disabled={false}
      href="/releases"
      onClick={[Function]}
      style={
        Object {
          "padding": "22px 16px 22px 42px",
        }
      }
    >
      <div
        className="MuiListItemText-root"
        style={
          Object {
            "textTransform": "uppercase",
          }
        }
      >
        <span
          className="MuiTypography-root MuiListItemText-primary MuiTypography-body1"
        >
          Releases
        </span>
      </div>
    </a>
    <a
      aria-current={null}
      className="MuiListItem-root navLink leftNav MuiListItem-gutters"
      disabled={false}
      href="/deployments"
      onClick={[Function]}
      style={
        Object {
          "padding": "22px 16px 22px 42px",
        }
      }
    >
      <div
        className="MuiListItemText-root"
        style={
          Object {
            "textTransform": "uppercase",
          }
        }
      >
        <span
          className="MuiTypography-root MuiListItemText-primary MuiTypography-body1"
        >
          Deployments
        </span>
      </div>
    </a>
  </ul>
  <ul
    className="MuiList-root MuiList-padding"
    style={
      Object {
        "bottom": "30px",
        "left": "0px",
        "padding": "0",
        "position": "absolute",
        "right": "0px",
      }
    }
  >
    <a
      className="MuiListItem-root navLink leftNav MuiListItem-gutters"
      disabled={false}
      href="/help"
      onClick={[Function]}
      style={
        Object {
          "padding": "16px 16px 16px 42px",
        }
      }
    >
      <div
        className="MuiListItemText-root"
      >
        <span
          className="MuiTypography-root MuiListItemText-primary MuiTypography-body1"
        >
          Help
        </span>
      </div>
    </a>
    <li
      className="MuiListItem-root MuiListItem-gutters Mui-disabled"
      disabled={true}
      style={
        Object {
          "color": "#949495",
          "padding": "16px 16px 16px 42px",
        }
      }
    >
      <div
        className="MuiListItemText-root MuiListItemText-multiline"
      >
        <span
          className="MuiTypography-root MuiListItemText-primary MuiTypography-body1"
        >
          <div
            aria-describedby={null}
            className=""
            onBlur={[Function]}
            onClick={[Function]}
            onFocus={[Function]}
            onMouseLeave={[Function]}
            onMouseOver={[Function]}
            onTouchEnd={[Function]}
            onTouchStart={[Function]}
            title={null}
          >
            
          </div>
        </span>
        <p
          className="MuiTypography-root MuiListItemText-secondary MuiTypography-body2 MuiTypography-colorTextSecondary"
        >
          <a
            href="https://docs.mender.io/development/release-information/open-source-licenses"
            rel="noopener noreferrer"
            style={
              Object {
                "color": "#347A87",
                "fontSize": "13px",
                "position": "relative",
                "top": "6px",
              }
            }
            target="_blank"
          >
            License information
          </a>
        </p>
      </div>
    </li>
  </ul>
</div>
`;
