// Jest Snapshot v1, https://goo.gl/fbAQLP

exports[`ScheduleRollout Component renders correctly 1`] = `
<form
  class="flexbox column  margin margin-top-none"
  style="overflow: visible; min-height: 300px;"
>
  <div
    class="deployment-scheduling-view"
  >
    <div
      class="MuiFormControl-root"
      style="margin-bottom: 30px;"
    >
      <h4>
        Select a start time
      </h4>
      <div
        class="MuiInputBase-root MuiInput-root MuiInput-underline MuiInputBase-formControl MuiInput-formControl"
        style="min-width: 400px;"
      >
        <div
          aria-haspopup="listbox"
          class="MuiSelect-root MuiSelect-select MuiSelect-selectMenu MuiInputBase-input MuiInput-input"
          role="button"
          tabindex="0"
        >
          Start immediately
        </div>
        <input
          aria-hidden="true"
          class="MuiSelect-nativeInput"
          tabindex="-1"
          value="0"
        />
        <svg
          aria-hidden="true"
          class="MuiSvgIcon-root MuiSelect-icon"
          focusable="false"
          viewBox="0 0 24 24"
        >
          <path
            d="M7 10l5 5 5-5z"
          />
        </svg>
      </div>
    </div>
    <div />
    <div
      class="MuiFormControl-root"
      style="max-width: 515px;"
    >
      <h4>
        Select a rollout pattern
      </h4>
      <div
        class="MuiInputBase-root MuiInput-root MuiInput-underline Mui-disabled Mui-disabled MuiInputBase-formControl MuiInput-formControl"
        style="min-width: 400px;"
      >
        <div
          aria-disabled="true"
          aria-haspopup="listbox"
          class="MuiSelect-root MuiSelect-select MuiSelect-selectMenu MuiInputBase-input MuiInput-input Mui-disabled Mui-disabled Mui-disabled"
          role="button"
        >
          Single phase: 100%
        </div>
        <input
          aria-hidden="true"
          class="MuiSelect-nativeInput"
          tabindex="-1"
          value="0"
        />
        <svg
          aria-hidden="true"
          class="MuiSvgIcon-root MuiSelect-icon Mui-disabled"
          focusable="false"
          viewBox="0 0 24 24"
        >
          <path
            d="M7 10l5 5 5-5z"
          />
        </svg>
      </div>
    </div>
    <div />
  </div>
  <p
    class="info icon"
  >
    <svg
      aria-hidden="true"
      class="MuiSvgIcon-root MuiSvgIcon-fontSizeSmall"
      focusable="false"
      style="vertical-align: middle; margin: 0px 6px 4px 0px;"
      viewBox="0 0 24 24"
    >
      <path
        d="M11 7h2v2h-2zm0 4h2v6h-2zm1-9C6.48 2 2 6.48 2 12s4.48 10 10 10 10-4.48 10-10S17.52 2 12 2zm0 18c-4.41 0-8-3.59-8-8s3.59-8 8-8 8 3.59 8 8-3.59 8-8 8z"
      />
    </svg>
    With a more advanced commercial Mender plan you get access to choose to roll out deployments in multiple phases. Get an overview of the Mender plans on the 
    <a
      href="https://mender.io/plans/features"
      rel="noopener noreferrer"
      target="_blank"
    >
      features page
    </a>
    .
  </p>
</form>
`;
